Component: ARM Compiler 5.06 update 6 (build 750) Tool: armlink [4d35ed]

==============================================================================

Section Cross References

    startup_stm32h723xx.o(RESET) refers to startup_stm32h723xx.o(STACK) for __initial_sp
    startup_stm32h723xx.o(RESET) refers to startup_stm32h723xx.o(.text) for Reset_Handler
    startup_stm32h723xx.o(RESET) refers to stm32h7xx_it.o(i.NMI_Handler) for NMI_Handler
    startup_stm32h723xx.o(RESET) refers to stm32h7xx_it.o(i.HardFault_Handler) for HardFault_Handler
    startup_stm32h723xx.o(RESET) refers to stm32h7xx_it.o(i.MemManage_Handler) for MemManage_Handler
    startup_stm32h723xx.o(RESET) refers to stm32h7xx_it.o(i.BusFault_Handler) for BusFault_Handler
    startup_stm32h723xx.o(RESET) refers to stm32h7xx_it.o(i.UsageFault_Handler) for UsageFault_Handler
    startup_stm32h723xx.o(RESET) refers to port.o(.emb_text) for SVC_Handler
    startup_stm32h723xx.o(RESET) refers to stm32h7xx_it.o(i.DebugMon_Handler) for DebugMon_Handler
    startup_stm32h723xx.o(RESET) refers to port.o(i.SysTick_Handler) for SysTick_Handler
    startup_stm32h723xx.o(RESET) refers to stm32h7xx_it.o(i.DMA1_Stream0_IRQHandler) for DMA1_Stream0_IRQHandler
    startup_stm32h723xx.o(RESET) refers to stm32h7xx_it.o(i.DMA1_Stream1_IRQHandler) for DMA1_Stream1_IRQHandler
    startup_stm32h723xx.o(RESET) refers to stm32h7xx_it.o(i.DMA1_Stream2_IRQHandler) for DMA1_Stream2_IRQHandler
    startup_stm32h723xx.o(RESET) refers to stm32h7xx_it.o(i.DMA1_Stream3_IRQHandler) for DMA1_Stream3_IRQHandler
    startup_stm32h723xx.o(RESET) refers to stm32h7xx_it.o(i.FDCAN1_IT0_IRQHandler) for FDCAN1_IT0_IRQHandler
    startup_stm32h723xx.o(RESET) refers to stm32h7xx_it.o(i.FDCAN2_IT0_IRQHandler) for FDCAN2_IT0_IRQHandler
    startup_stm32h723xx.o(RESET) refers to stm32h7xx_it.o(i.TIM2_IRQHandler) for TIM2_IRQHandler
    startup_stm32h723xx.o(RESET) refers to stm32h7xx_it.o(i.SPI2_IRQHandler) for SPI2_IRQHandler
    startup_stm32h723xx.o(RESET) refers to stm32h7xx_it.o(i.UART5_IRQHandler) for UART5_IRQHandler
    startup_stm32h723xx.o(RESET) refers to stm32h7xx_it.o(i.FDCAN3_IT0_IRQHandler) for FDCAN3_IT0_IRQHandler
    startup_stm32h723xx.o(.text) refers to system_stm32h7xx.o(i.SystemInit) for SystemInit
    startup_stm32h723xx.o(.text) refers to entry.o(.ARM.Collect$$$$00000000) for __main
    main.o(i.HAL_TIM_PeriodElapsedCallback) refers to stm32h7xx_hal.o(i.HAL_IncTick) for HAL_IncTick
    main.o(i.PeriphCommonClock_Config) refers to memseta.o(.text) for __aeabi_memclr4
    main.o(i.PeriphCommonClock_Config) refers to stm32h7xx_hal_rcc_ex.o(i.HAL_RCCEx_PeriphCLKConfig) for HAL_RCCEx_PeriphCLKConfig
    main.o(i.PeriphCommonClock_Config) refers to main.o(i.Error_Handler) for Error_Handler
    main.o(i.SystemClock_Config) refers to memseta.o(.text) for __aeabi_memclr4
    main.o(i.SystemClock_Config) refers to stm32h7xx_hal_pwr_ex.o(i.HAL_PWREx_ConfigSupply) for HAL_PWREx_ConfigSupply
    main.o(i.SystemClock_Config) refers to stm32h7xx_hal_rcc.o(i.HAL_RCC_OscConfig) for HAL_RCC_OscConfig
    main.o(i.SystemClock_Config) refers to main.o(i.Error_Handler) for Error_Handler
    main.o(i.SystemClock_Config) refers to stm32h7xx_hal_rcc.o(i.HAL_RCC_ClockConfig) for HAL_RCC_ClockConfig
    main.o(i.main) refers to stm32h7xx_hal.o(i.HAL_Init) for HAL_Init
    main.o(i.main) refers to main.o(i.SystemClock_Config) for SystemClock_Config
    main.o(i.main) refers to main.o(i.PeriphCommonClock_Config) for PeriphCommonClock_Config
    main.o(i.main) refers to gpio.o(i.MX_GPIO_Init) for MX_GPIO_Init
    main.o(i.main) refers to dma.o(i.MX_DMA_Init) for MX_DMA_Init
    main.o(i.main) refers to spi.o(i.MX_SPI2_Init) for MX_SPI2_Init
    main.o(i.main) refers to fdcan.o(i.MX_FDCAN1_Init) for MX_FDCAN1_Init
    main.o(i.main) refers to fdcan.o(i.MX_FDCAN2_Init) for MX_FDCAN2_Init
    main.o(i.main) refers to tim.o(i.MX_TIM3_Init) for MX_TIM3_Init
    main.o(i.main) refers to fdcan.o(i.MX_FDCAN3_Init) for MX_FDCAN3_Init
    main.o(i.main) refers to usart.o(i.MX_UART5_Init) for MX_UART5_Init
    main.o(i.main) refers to adc.o(i.MX_ADC1_Init) for MX_ADC1_Init
    main.o(i.main) refers to tim.o(i.MX_TIM12_Init) for MX_TIM12_Init
    main.o(i.main) refers to bsp_dwt.o(i.DWT_Init) for DWT_Init
    main.o(i.main) refers to bmi088driver.o(i.BMI088_init) for BMI088_init
    main.o(i.main) refers to stm32h7xx_hal_gpio.o(i.HAL_GPIO_WritePin) for HAL_GPIO_WritePin
    main.o(i.main) refers to can_bsp.o(i.FDCAN1_Config) for FDCAN1_Config
    main.o(i.main) refers to can_bsp.o(i.FDCAN2_Config) for FDCAN2_Config
    main.o(i.main) refers to stm32h7xx_hal_adc_ex.o(i.HAL_ADCEx_Calibration_Start) for HAL_ADCEx_Calibration_Start
    main.o(i.main) refers to stm32h7xx_hal_adc.o(i.HAL_ADC_Start_DMA) for HAL_ADC_Start_DMA
    main.o(i.main) refers to freertos.o(i.MX_FREERTOS_Init) for MX_FREERTOS_Init
    main.o(i.main) refers to cmsis_os.o(i.osKernelStart) for osKernelStart
[...]
    DMA1_Stream0_IRQHandler                  0x08002099   Thumb Code    10  stm32h7xx_it.o(i.DMA1_Stream0_IRQHandler)
    DMA1_Stream1_IRQHandler                  0x080020a9   Thumb Code    10  stm32h7xx_it.o(i.DMA1_Stream1_IRQHandler)
    DMA1_Stream2_IRQHandler                  0x080020b9   Thumb Code    10  stm32h7xx_it.o(i.DMA1_Stream2_IRQHandler)
    DMA1_Stream3_IRQHandler                  0x080020c9   Thumb Code    10  stm32h7xx_it.o(i.DMA1_Stream3_IRQHandler)
    DWT_Delay                                0x08002675   Thumb Code    50  bsp_dwt.o(i.DWT_Delay)
    DWT_GetDeltaT                            0x080026b1   Thumb Code    68  bsp_dwt.o(i.DWT_GetDeltaT)
    DWT_GetTimeline_s                        0x080026fd   Thumb Code    72  bsp_dwt.o(i.DWT_GetTimeline_s)
    DWT_Init                                 0x08002751   Thumb Code    74  bsp_dwt.o(i.DWT_Init)
    DWT_SysTimeUpdate                        0x080027b9   Thumb Code   168  bsp_dwt.o(i.DWT_SysTimeUpdate)
    DebugMon_Handler                         0x08002889   Thumb Code     2  stm32h7xx_it.o(i.DebugMon_Handler)
    EarthFrameToBodyFrame                    0x0800288b   Thumb Code   346  ins_task.o(i.EarthFrameToBodyFrame)
    Error_Handler                            0x080029e5   Thumb Code     6  main.o(i.Error_Handler)
    FDCAN1_Config                            0x080029ed   Thumb Code    92  can_bsp.o(i.FDCAN1_Config)
    FDCAN1_IT0_IRQHandler                    0x08002a4d   Thumb Code    10  stm32h7xx_it.o(i.FDCAN1_IT0_IRQHandler)
    FDCAN2_Config                            0x08002a5d   Thumb Code    92  can_bsp.o(i.FDCAN2_Config)
    FDCAN2_IT0_IRQHandler                    0x08002abd   Thumb Code    10  stm32h7xx_it.o(i.FDCAN2_IT0_IRQHandler)
    FDCAN3_IT0_IRQHandler                    0x08002acd   Thumb Code    10  stm32h7xx_it.o(i.FDCAN3_IT0_IRQHandler)
    HAL_ADCEx_Calibration_Start              0x08002dd1   Thumb Code   174  stm32h7xx_hal_adc_ex.o(i.HAL_ADCEx_Calibration_Start)
    HAL_ADCEx_MultiModeConfigChannel         0x08002e89   Thumb Code   336  stm32h7xx_hal_adc_ex.o(i.HAL_ADCEx_MultiModeConfigChannel)
    HAL_ADC_ConfigChannel                    0x08002fed   Thumb Code  1880  stm32h7xx_hal_adc.o(i.HAL_ADC_ConfigChannel)
    HAL_ADC_ConvCpltCallback                 0x08003775   Thumb Code     2  stm32h7xx_hal_adc.o(i.HAL_ADC_ConvCpltCallback)
    HAL_ADC_ConvHalfCpltCallback             0x08003777   Thumb Code     2  stm32h7xx_hal_adc.o(i.HAL_ADC_ConvHalfCpltCallback)
    HAL_ADC_ErrorCallback                    0x08003779   Thumb Code     2  stm32h7xx_hal_adc.o(i.HAL_ADC_ErrorCallback)
    HAL_ADC_Init                             0x0800377d   Thumb Code   782  stm32h7xx_hal_adc.o(i.HAL_ADC_Init)
    HAL_ADC_MspInit                          0x08003abd   Thumb Code   214  adc.o(i.HAL_ADC_MspInit)
    HAL_ADC_Start_DMA                        0x08003bad   Thumb Code   334  stm32h7xx_hal_adc.o(i.HAL_ADC_Start_DMA)
    HAL_DMA_Abort                            0x08003d1d   Thumb Code  1236  stm32h7xx_hal_dma.o(i.HAL_DMA_Abort)
    HAL_DMA_Abort_IT                         0x080041f9   Thumb Code   906  stm32h7xx_hal_dma.o(i.HAL_DMA_Abort_IT)
    HAL_DMA_IRQHandler                       0x08004591   Thumb Code  2798  stm32h7xx_hal_dma.o(i.HAL_DMA_IRQHandler)
    HAL_DMA_Init                             0x08005089   Thumb Code  1292  stm32h7xx_hal_dma.o(i.HAL_DMA_Init)
    HAL_DMA_Start_IT                         0x0800559d   Thumb Code   980  stm32h7xx_hal_dma.o(i.HAL_DMA_Start_IT)
    HAL_Delay                                0x0800597d   Thumb Code    36  stm32h7xx_hal.o(i.HAL_Delay)
    HAL_FDCAN_ActivateNotification           0x080059a5   Thumb Code   158  stm32h7xx_hal_fdcan.o(i.HAL_FDCAN_ActivateNotification)
    HAL_FDCAN_AddMessageToTxFifoQ            0x08005a4d   Thumb Code   144  stm32h7xx_hal_fdcan.o(i.HAL_FDCAN_AddMessageToTxFifoQ)
    HAL_FDCAN_ClockCalibrationCallback       0x08005add   Thumb Code     2  stm32h7xx_hal_fdcan.o(i.HAL_FDCAN_ClockCalibrationCallback)
    HAL_FDCAN_ConfigFilter                   0x08005adf   Thumb Code   168  stm32h7xx_hal_fdcan.o(i.HAL_FDCAN_ConfigFilter)
    HAL_FDCAN_ConfigGlobalFilter             0x08005b87   Thumb Code    52  stm32h7xx_hal_fdcan.o(i.HAL_FDCAN_ConfigGlobalFilter)
    HAL_FDCAN_ErrorCallback                  0x08005bbb   Thumb Code     2  stm32h7xx_hal_fdcan.o(i.HAL_FDCAN_ErrorCallback)
    HAL_FDCAN_ErrorStatusCallback            0x08005bbd   Thumb Code     2  stm32h7xx_hal_fdcan.o(i.HAL_FDCAN_ErrorStatusCallback)
    HAL_FDCAN_GetRxMessage                   0x08005bc1   Thumb Code   496  stm32h7xx_hal_fdcan.o(i.HAL_FDCAN_GetRxMessage)
    HAL_FDCAN_HighPriorityMessageCallback    0x08005db5   Thumb Code     2  stm32h7xx_hal_fdcan.o(i.HAL_FDCAN_HighPriorityMessageCallback)
    HAL_FDCAN_IRQHandler                     0x08005db9   Thumb Code   966  stm32h7xx_hal_fdcan.o(i.HAL_FDCAN_IRQHandler)
    HAL_FDCAN_Init                           0x0800618d   Thumb Code   726  stm32h7xx_hal_fdcan.o(i.HAL_FDCAN_Init)
    HAL_FDCAN_MspInit                        0x0800646d   Thumb Code   408  fdcan.o(i.HAL_FDCAN_MspInit)
    HAL_FDCAN_RxBufferNewMessageCallback     0x08006621   Thumb Code     2  stm32h7xx_hal_fdcan.o(i.HAL_FDCAN_RxBufferNewMessageCallback)
    HAL_FDCAN_RxFifo0Callback                0x08006625   Thumb Code   108  can_bsp.o(i.HAL_FDCAN_RxFifo0Callback)
    HAL_FDCAN_RxFifo1Callback                0x080066a1   Thumb Code   108  can_bsp.o(i.HAL_FDCAN_RxFifo1Callback)
    HAL_FDCAN_Start                          0x0800671d   Thumb Code    52  stm32h7xx_hal_fdcan.o(i.HAL_FDCAN_Start)
    HAL_FDCAN_TT_GlobalTimeCallback          0x08006751   Thumb Code     2  stm32h7xx_hal_fdcan.o(i.HAL_FDCAN_TT_GlobalTimeCallback)
    HAL_FDCAN_TT_ScheduleSyncCallback        0x08006753   Thumb Code     2  stm32h7xx_hal_fdcan.o(i.HAL_FDCAN_TT_ScheduleSyncCallback)
    HAL_FDCAN_TT_StopWatchCallback           0x08006755   Thumb Code     2  stm32h7xx_hal_fdcan.o(i.HAL_FDCAN_TT_StopWatchCallback)
    HAL_FDCAN_TT_TimeMarkCallback            0x08006757   Thumb Code     2  stm32h7xx_hal_fdcan.o(i.HAL_FDCAN_TT_TimeMarkCallback)
    HAL_FDCAN_TimeoutOccurredCallback        0x08006759   Thumb Code     2  stm32h7xx_hal_fdcan.o(i.HAL_FDCAN_TimeoutOccurredCallback)
    HAL_FDCAN_TimestampWraparoundCallback    0x0800675b   Thumb Code     2  stm32h7xx_hal_fdcan.o(i.HAL_FDCAN_TimestampWraparoundCallback)
    HAL_FDCAN_TxBufferAbortCallback          0x0800675d   Thumb Code     2  stm32h7xx_hal_fdcan.o(i.HAL_FDCAN_TxBufferAbortCallback)
    HAL_FDCAN_TxBufferCompleteCallback       0x0800675f   Thumb Code     2  stm32h7xx_hal_fdcan.o(i.HAL_FDCAN_TxBufferCompleteCallback)
    HAL_FDCAN_TxEventFifoCallback            0x08006761   Thumb Code     2  stm32h7xx_hal_fdcan.o(i.HAL_FDCAN_TxEventFifoCallback)
    HAL_FDCAN_TxFifoEmptyCallback            0x08006763   Thumb Code     2  stm32h7xx_hal_fdcan.o(i.HAL_FDCAN_TxFifoEmptyCallback)
    HAL_GPIO_Init                            0x08006765   Thumb Code   446  stm32h7xx_hal_gpio.o(i.HAL_GPIO_Init)
    HAL_GPIO_WritePin                        0x08006955   Thumb Code    12  stm32h7xx_hal_gpio.o(i.HAL_GPIO_WritePin)
    HAL_GetTick                              0x08006961   Thumb Code     6  stm32h7xx_hal.o(i.HAL_GetTick)
    HAL_IncTick                              0x0800696d   Thumb Code    16  stm32h7xx_hal.o(i.HAL_IncTick)
    HAL_Init                                 0x08006985   Thumb Code    80  stm32h7xx_hal.o(i.HAL_Init)
    HAL_InitTick                             0x080069e5   Thumb Code   142  stm32h7xx_hal_timebase_tim.o(i.HAL_InitTick)
    HAL_MspInit                              0x08006a85   Thumb Code    42  stm32h7xx_hal_msp.o(i.HAL_MspInit)
    HAL_NVIC_EnableIRQ                       0x08006ab5   Thumb Code    40  stm32h7xx_hal_cortex.o(i.HAL_NVIC_EnableIRQ)
    HAL_NVIC_SetPriority                     0x08006add   Thumb Code   122  stm32h7xx_hal_cortex.o(i.HAL_NVIC_SetPriority)
    HAL_NVIC_SetPriorityGrouping             0x08006b59   Thumb Code    32  stm32h7xx_hal_cortex.o(i.HAL_NVIC_SetPriorityGrouping)
    HAL_PWREx_ConfigSupply                   0x08006b81   Thumb Code    90  stm32h7xx_hal_pwr_ex.o(i.HAL_PWREx_ConfigSupply)
    HAL_RCCEx_GetD3PCLK1Freq                 0x08006be1   Thumb Code    26  stm32h7xx_hal_rcc_ex.o(i.HAL_RCCEx_GetD3PCLK1Freq)
    HAL_RCCEx_GetPLL1ClockFreq               0x08006c05   Thumb Code   536  stm32h7xx_hal_rcc_ex.o(i.HAL_RCCEx_GetPLL1ClockFreq)
    HAL_RCCEx_GetPLL2ClockFreq               0x08006e35   Thumb Code   536  stm32h7xx_hal_rcc_ex.o(i.HAL_RCCEx_GetPLL2ClockFreq)
    HAL_RCCEx_GetPLL3ClockFreq               0x08007065   Thumb Code   536  stm32h7xx_hal_rcc_ex.o(i.HAL_RCCEx_GetPLL3ClockFreq)
    HAL_RCCEx_GetPeriphCLKFreq               0x08007295   Thumb Code  1942  stm32h7xx_hal_rcc_ex.o(i.HAL_RCCEx_GetPeriphCLKFreq)
    HAL_RCCEx_PeriphCLKConfig                0x08007a41   Thumb Code  3272  stm32h7xx_hal_rcc_ex.o(i.HAL_RCCEx_PeriphCLKConfig)
    HAL_RCC_ClockConfig                      0x08008709   Thumb Code   774  stm32h7xx_hal_rcc.o(i.HAL_RCC_ClockConfig)
    HAL_RCC_GetClockConfig                   0x08008a29   Thumb Code    98  stm32h7xx_hal_rcc.o(i.HAL_RCC_GetClockConfig)
    HAL_RCC_GetHCLKFreq                      0x08008a95   Thumb Code    60  stm32h7xx_hal_rcc.o(i.HAL_RCC_GetHCLKFreq)
    HAL_RCC_GetPCLK1Freq                     0x08008ae1   Thumb Code    26  stm32h7xx_hal_rcc.o(i.HAL_RCC_GetPCLK1Freq)
    HAL_RCC_GetPCLK2Freq                     0x08008b05   Thumb Code    26  stm32h7xx_hal_rcc.o(i.HAL_RCC_GetPCLK2Freq)
    HAL_RCC_GetSysClockFreq                  0x08008b29   Thumb Code   524  stm32h7xx_hal_rcc.o(i.HAL_RCC_GetSysClockFreq)
    HAL_RCC_OscConfig                        0x08008d55   Thumb Code  1874  stm32h7xx_hal_rcc.o(i.HAL_RCC_OscConfig)
    HAL_SPI_ErrorCallback                    0x080094b1   Thumb Code     2  stm32h7xx_hal_spi.o(i.HAL_SPI_ErrorCallback)
    HAL_SPI_IRQHandler                       0x080094b5   Thumb Code   654  stm32h7xx_hal_spi.o(i.HAL_SPI_IRQHandler)
    HAL_SPI_Init                             0x08009749   Thumb Code   420  stm32h7xx_hal_spi.o(i.HAL_SPI_Init)
    HAL_SPI_MspInit                          0x080098f9   Thumb Code   348  spi.o(i.HAL_SPI_MspInit)
    HAL_SPI_RxCpltCallback                   0x08009a71   Thumb Code     2  stm32h7xx_hal_spi.o(i.HAL_SPI_RxCpltCallback)
    HAL_SPI_SuspendCallback                  0x08009a73   Thumb Code     2  stm32h7xx_hal_spi.o(i.HAL_SPI_SuspendCallback)
    HAL_SPI_TransmitReceive                  0x08009a75   Thumb Code   770  stm32h7xx_hal_spi.o(i.HAL_SPI_TransmitReceive)
    HAL_SPI_TxCpltCallback                   0x08009d77   Thumb Code     2  stm32h7xx_hal_spi.o(i.HAL_SPI_TxCpltCallback)
    HAL_SPI_TxRxCpltCallback                 0x08009d79   Thumb Code     2  stm32h7xx_hal_spi.o(i.HAL_SPI_TxRxCpltCallback)
    HAL_TIMEx_Break2Callback                 0x08009d7b   Thumb Code     2  stm32h7xx_hal_tim_ex.o(i.HAL_TIMEx_Break2Callback)
    HAL_TIMEx_BreakCallback                  0x08009d7d   Thumb Code     2  stm32h7xx_hal_tim_ex.o(i.HAL_TIMEx_BreakCallback)
    HAL_TIMEx_CommutCallback                 0x08009d7f   Thumb Code     2  stm32h7xx_hal_tim_ex.o(i.HAL_TIMEx_CommutCallback)
    HAL_TIMEx_MasterConfigSynchronization    0x08009d81   Thumb Code   190  stm32h7xx_hal_tim_ex.o(i.HAL_TIMEx_MasterConfigSynchronization)
    HAL_TIM_Base_Init                        0x08009e65   Thumb Code   110  stm32h7xx_hal_tim.o(i.HAL_TIM_Base_Init)
    HAL_TIM_Base_MspInit                     0x08009ed3   Thumb Code     2  stm32h7xx_hal_tim.o(i.HAL_TIM_Base_MspInit)
    HAL_TIM_Base_Start_IT                    0x08009ed5   Thumb Code   162  stm32h7xx_hal_tim.o(i.HAL_TIM_Base_Start_IT)
    HAL_TIM_IC_CaptureCallback               0x08009fa1   Thumb Code     2  stm32h7xx_hal_tim.o(i.HAL_TIM_IC_CaptureCallback)
    HAL_TIM_IRQHandler                       0x08009fa3   Thumb Code   440  stm32h7xx_hal_tim.o(i.HAL_TIM_IRQHandler)
    HAL_TIM_MspPostInit                      0x0800a15d   Thumb Code   144  tim.o(i.HAL_TIM_MspPostInit)
    HAL_TIM_OC_DelayElapsedCallback          0x0800a1fd   Thumb Code     2  stm32h7xx_hal_tim.o(i.HAL_TIM_OC_DelayElapsedCallback)
    HAL_TIM_PWM_ConfigChannel                0x0800a1ff   Thumb Code   368  stm32h7xx_hal_tim.o(i.HAL_TIM_PWM_ConfigChannel)
    HAL_TIM_PWM_Init                         0x0800a36f   Thumb Code   110  stm32h7xx_hal_tim.o(i.HAL_TIM_PWM_Init)
    HAL_TIM_PWM_MspInit                      0x0800a3dd   Thumb Code    76  tim.o(i.HAL_TIM_PWM_MspInit)
    HAL_TIM_PWM_PulseFinishedCallback        0x0800a435   Thumb Code     2  stm32h7xx_hal_tim.o(i.HAL_TIM_PWM_PulseFinishedCallback)
    HAL_TIM_PWM_Start                        0x0800a439   Thumb Code   330  stm32h7xx_hal_tim.o(i.HAL_TIM_PWM_Start)
    HAL_TIM_PWM_Stop                         0x0800a5b5   Thumb Code   208  stm32h7xx_hal_tim.o(i.HAL_TIM_PWM_Stop)
    HAL_TIM_PeriodElapsedCallback            0x0800a699   Thumb Code    18  main.o(i.HAL_TIM_PeriodElapsedCallback)
    HAL_TIM_TriggerCallback                  0x0800a6ab   Thumb Code     2  stm32h7xx_hal_tim.o(i.HAL_TIM_TriggerCallback)
    HAL_UARTEx_DisableFifoMode               0x0800a6ad   Thumb Code    78  stm32h7xx_hal_uart_ex.o(i.HAL_UARTEx_DisableFifoMode)
    HAL_UARTEx_ReceiveToIdle_DMA             0x0800a6fb   Thumb Code    98  stm32h7xx_hal_uart_ex.o(i.HAL_UARTEx_ReceiveToIdle_DMA)
    HAL_UARTEx_RxEventCallback               0x0800a75d   Thumb Code    58  uart_bsp.o(i.HAL_UARTEx_RxEventCallback)
    HAL_UARTEx_RxFifoFullCallback            0x0800a7a9   Thumb Code     2  stm32h7xx_hal_uart_ex.o(i.HAL_UARTEx_RxFifoFullCallback)
    HAL_UARTEx_SetRxFifoThreshold            0x0800a7ab   Thumb Code    94  stm32h7xx_hal_uart_ex.o(i.HAL_UARTEx_SetRxFifoThreshold)
    HAL_UARTEx_SetTxFifoThreshold            0x0800a809   Thumb Code    94  stm32h7xx_hal_uart_ex.o(i.HAL_UARTEx_SetTxFifoThreshold)
    HAL_UARTEx_TxFifoEmptyCallback           0x0800a867   Thumb Code     2  stm32h7xx_hal_uart_ex.o(i.HAL_UARTEx_TxFifoEmptyCallback)
    HAL_UARTEx_WakeupCallback                0x0800a869   Thumb Code     2  stm32h7xx_hal_uart_ex.o(i.HAL_UARTEx_WakeupCallback)
    HAL_UART_ErrorCallback                   0x0800a86d   Thumb Code    32  uart_bsp.o(i.HAL_UART_ErrorCallback)
    HAL_UART_IRQHandler                      0x0800a899   Thumb Code  1172  stm32h7xx_hal_uart.o(i.HAL_UART_IRQHandler)
    HAL_UART_Init                            0x0800ad2d   Thumb Code   120  stm32h7xx_hal_uart.o(i.HAL_UART_Init)
    HAL_UART_MspInit                         0x0800ada5   Thumb Code   270  usart.o(i.HAL_UART_MspInit)
    HAL_UART_RxCpltCallback                  0x0800aecd   Thumb Code     2  stm32h7xx_hal_uart.o(i.HAL_UART_RxCpltCallback)
    HAL_UART_RxHalfCpltCallback              0x0800aecf   Thumb Code     2  stm32h7xx_hal_uart.o(i.HAL_UART_RxHalfCpltCallback)
    HAL_UART_TxCpltCallback                  0x0800aed1   Thumb Code     2  stm32h7xx_hal_uart.o(i.HAL_UART_TxCpltCallback)
    HardFault_Handler                        0x0800b005   Thumb Code     4  stm32h7xx_it.o(i.HardFault_Handler)
    INS_Init                                 0x0800b009   Thumb Code    32  ins_task.o(i.INS_Init)
    INS_Task                                 0x0800b03d   Thumb Code     8  freertos.o(i.INS_Task)
    INS_task                                 0x0800b045   Thumb Code   788  ins_task.o(i.INS_task)
    Kalman_Filter_Init                       0x0800b3a1   Thumb Code  1800  kalman_filter.o(i.Kalman_Filter_Init)
    Kalman_Filter_Measure                    0x0800baad   Thumb Code    74  kalman_filter.o(i.Kalman_Filter_Measure)
    Kalman_Filter_P_Update                   0x0800bafd   Thumb Code   104  kalman_filter.o(i.Kalman_Filter_P_Update)
    Kalman_Filter_PminusUpdate               0x0800bb65   Thumb Code   104  kalman_filter.o(i.Kalman_Filter_PminusUpdate)
    Kalman_Filter_SetK                       0x0800bbcd   Thumb Code   210  kalman_filter.o(i.Kalman_Filter_SetK)
    Kalman_Filter_Update                     0x0800bca1   Thumb Code   294  kalman_filter.o(i.Kalman_Filter_Update)
    Kalman_Filter_xhatMinusUpdate            0x0800bdcd   Thumb Code   124  kalman_filter.o(i.Kalman_Filter_xhatMinusUpdate)
    Kalman_Filter_xhatUpdate                 0x0800be49   Thumb Code   134  kalman_filter.o(i.Kalman_Filter_xhatUpdate)
    LQR_K_calc                               0x0800bfc9   Thumb Code    50  vmc_calc.o(i.LQR_K_calc)
    MX_ADC1_Init                             0x0800bffd   Thumb Code   180  adc.o(i.MX_ADC1_Init)
    MX_DMA_Init                              0x0800c0c1   Thumb Code    96  dma.o(i.MX_DMA_Init)
    MX_FDCAN1_Init                           0x0800c125   Thumb Code   120  fdcan.o(i.MX_FDCAN1_Init)
    MX_FDCAN2_Init                           0x0800c1a5   Thumb Code   118  fdcan.o(i.MX_FDCAN2_Init)
    MX_FDCAN3_Init                           0x0800c225   Thumb Code   120  fdcan.o(i.MX_FDCAN3_Init)
    MX_FREERTOS_Init                         0x0800c2a5   Thumb Code   174  freertos.o(i.MX_FREERTOS_Init)
    MX_GPIO_Init                             0x0800c375   Thumb Code   356  gpio.o(i.MX_GPIO_Init)
    MX_SPI2_Init                             0x0800c4e9   Thumb Code    90  spi.o(i.MX_SPI2_Init)
    MX_TIM12_Init                            0x0800c54d   Thumb Code   120  tim.o(i.MX_TIM12_Init)
    MX_TIM3_Init                             0x0800c5cd   Thumb Code   118  tim.o(i.MX_TIM3_Init)
    MX_UART5_Init                            0x0800c64d   Thumb Code   102  usart.o(i.MX_UART5_Init)
    MemManage_Handler                        0x0800c6c1   Thumb Code     4  stm32h7xx_it.o(i.MemManage_Handler)
    NMI_Handler                              0x0800c6c5   Thumb Code     4  stm32h7xx_it.o(i.NMI_Handler)
    OBSERVE_Task                             0x0800c6c9   Thumb Code     8  freertos.o(i.OBSERVE_Task)
    Observe_task                             0x0800c6d1   Thumb Code   368  observe_task.o(i.Observe_task)
    PID_Calc                                 0x0800c879   Thumb Code   492  pid.o(i.PID_Calc)
    PID_init                                 0x0800ca69   Thumb Code    92  pid.o(i.PID_init)
    Pensation_init                           0x0800cac9   Thumb Code    64  chassisr_task.o(i.Pensation_init)
    PeriphCommonClock_Config                 0x0800cb1d   Thumb Code    76  main.o(i.PeriphCommonClock_Config)
    Remote_Task                              0x0800ce31   Thumb Code     8  freertos.o(i.Remote_Task)
    Remote_task                              0x0800ce39   Thumb Code   984  remote_task.o(i.Remote_task)
    RotationMatrix_update                    0x0800d29d   Thumb Code   302  mahony_filter.o(i.RotationMatrix_update)
    SPI2_IRQHandler                          0x0800d3cd   Thumb Code    10  stm32h7xx_it.o(i.SPI2_IRQHandler)
    StartDefaultTask                         0x0800d52b   Thumb Code    12  freertos.o(i.StartDefaultTask)
    SysTick_Handler                          0x0800d539   Thumb Code    46  port.o(i.SysTick_Handler)
    SystemClock_Config                       0x0800d56d   Thumb Code   176  main.o(i.SystemClock_Config)
    SystemInit                               0x0800d621   Thumb Code   192  system_stm32h7xx.o(i.SystemInit)
    TIM2_IRQHandler                          0x0800d701   Thumb Code    10  stm32h7xx_it.o(i.TIM2_IRQHandler)
    TIM_Base_SetConfig                       0x0800d711   Thumb Code   182  stm32h7xx_hal_tim.o(i.TIM_Base_SetConfig)
    TIM_CCxChannelCmd                        0x0800d7f1   Thumb Code    34  stm32h7xx_hal_tim.o(i.TIM_CCxChannelCmd)
    TIM_OC2_SetConfig                        0x0800d8c1   Thumb Code   156  stm32h7xx_hal_tim.o(i.TIM_OC2_SetConfig)
    UART5_IRQHandler                         0x0800db7d   Thumb Code    20  stm32h7xx_it.o(i.UART5_IRQHandler)
    UART_AdvFeatureConfig                    0x0800dbf1   Thumb Code   248  stm32h7xx_hal_uart.o(i.UART_AdvFeatureConfig)
    UART_CheckIdleState                      0x0800dce9   Thumb Code   234  stm32h7xx_hal_uart.o(i.UART_CheckIdleState)
    UART_SetConfig                           0x0800dff9   Thumb Code  1558  stm32h7xx_hal_uart.o(i.UART_SetConfig)
    UART_Start_Receive_DMA                   0x0800e621   Thumb Code   186  stm32h7xx_hal_uart.o(i.UART_Start_Receive_DMA)
    UART_WaitOnFlagUntilTimeout              0x0800e6e9   Thumb Code   162  stm32h7xx_hal_uart.o(i.UART_WaitOnFlagUntilTimeout)
    UsageFault_Handler                       0x0800e78b   Thumb Code     4  stm32h7xx_it.o(i.UsageFault_Handler)
    VMC_calc_1_left                          0x0800e791   Thumb Code   908  vmc_calc.o(i.VMC_calc_1_left)
    VMC_calc_1_right                         0x0800eb2d   Thumb Code   892  vmc_calc.o(i.VMC_calc_1_right)
    VMC_calc_2                               0x0800eeb9   Thumb Code   406  vmc_calc.o(i.VMC_calc_2)
    VMC_init                                 0x0800f051   Thumb Code    42  vmc_calc.o(i.VMC_init)
    Watch_Task                               0x0800f089   Thumb Code     8  freertos.o(i.Watch_Task)
    Watch_task                               0x0800f091   Thumb Code    92  watch_task.o(i.Watch_task)
    __ARM_fpclassifyf                        0x0800f101   Thumb Code    38  fpclassifyf.o(i.__ARM_fpclassifyf)
    __hardfp_asinf                           0x0800f161   Thumb Code   258  asinf.o(i.__hardfp_asinf)
    __hardfp_atan2f                          0x0800f299   Thumb Code   502  atan2f.o(i.__hardfp_atan2f)
    __hardfp_sqrt                            0x0800f4f1   Thumb Code   102  sqrt.o(i.__hardfp_sqrt)
    __hardfp_sqrtf                           0x0800f557   Thumb Code    58  sqrtf.o(i.__hardfp_sqrtf)
    __mathlib_flt_infnan                     0x0800f591   Thumb Code     6  funder.o(i.__mathlib_flt_infnan)
    __mathlib_flt_infnan2                    0x0800f597   Thumb Code     6  funder.o(i.__mathlib_flt_infnan2)
    __mathlib_flt_invalid                    0x0800f59d   Thumb Code    10  funder.o(i.__mathlib_flt_invalid)
    __mathlib_flt_underflow                  0x0800f5ad   Thumb Code    10  funder.o(i.__mathlib_flt_underflow)
    __scatterload_copy                       0x0800f5bd   Thumb Code    14  handlers.o(i.__scatterload_copy)
    __scatterload_null                       0x0800f5cb   Thumb Code     2  handlers.o(i.__scatterload_null)
    __scatterload_zeroinit                   0x0800f5cd   Thumb Code    14  handlers.o(i.__scatterload_zeroinit)
    __set_errno                              0x0800f5dd   Thumb Code     6  errno.o(i.__set_errno)
    bmi088_accel_init                        0x0800f5e9   Thumb Code   348  bmi088driver.o(i.bmi088_accel_init)
    bmi088_gyro_init                         0x0800f755   Thumb Code   284  bmi088driver.o(i.bmi088_gyro_init)
    canx_send_data                           0x0800f885   Thumb Code   126  can_bsp.o(i.canx_send_data)
    chassisL_control_loop                    0x0800f905   Thumb Code  1400  chassisl_task.o(i.chassisL_control_loop)
    chassisL_feedback_update                 0x0800fe85   Thumb Code    66  chassisl_task.o(i.chassisL_feedback_update)
    chassisR_control_loop                    0x0800fed1   Thumb Code  1548  chassisr_task.o(i.chassisR_control_loop)
    chassisR_feedback_update                 0x080104f9   Thumb Code   134  chassisr_task.o(i.chassisR_feedback_update)
    dm4310_fbdata                            0x08010595   Thumb Code   154  dm4310_drv.o(i.dm4310_fbdata)
    dm6215_fbdata                            0x08010631   Thumb Code   154  dm4310_drv.o(i.dm6215_fbdata)
    enable_motor_mode                        0x080106d5   Thumb Code    66  dm4310_drv.o(i.enable_motor_mode)
    float_to_uint                            0x08010721   Thumb Code    50  dm4310_drv.o(i.float_to_uint)
    ground_detectionL                        0x08010755   Thumb Code   312  vmc_calc.o(i.ground_detectionL)
    ground_detectionR                        0x08010899   Thumb Code   312  vmc_calc.o(i.ground_detectionR)
    joint_motor_init                         0x080109dd   Thumb Code     6  dm4310_drv.o(i.joint_motor_init)
    mahony_init                              0x080109e5   Thumb Code    40  mahony_filter.o(i.mahony_init)
    mahony_input                             0x08010a1d   Thumb Code    30  mahony_filter.o(i.mahony_input)
    mahony_output                            0x08010a3b   Thumb Code    74  mahony_filter.o(i.mahony_output)
    mahony_update                            0x08010a85   Thumb Code   646  mahony_filter.o(i.mahony_update)
    main                                     0x08010d0d   Thumb Code   136  main.o(i.main)
    malloc                                   0x08010db5   Thumb Code    92  malloc.o(i.malloc)
    mit_ctrl                                 0x08010e21   Thumb Code   232  dm4310_drv.o(i.mit_ctrl)
    mit_ctrl2                                0x08010f11   Thumb Code   232  dm4310_drv.o(i.mit_ctrl2)
    mySaturate                               0x08011009   Thumb Code    40  chassisr_task.o(i.mySaturate)
    osDelay                                  0x08011031   Thumb Code    24  cmsis_os.o(i.osDelay)
    osKernelStart                            0x08011049   Thumb Code    10  cmsis_os.o(i.osKernelStart)
    osThreadCreate                           0x08011053   Thumb Code    48  cmsis_os.o(i.osThreadCreate)
    pvPortMalloc                             0x080114c9   Thumb Code   306  heap_4.o(i.pvPortMalloc)
    pxPortInitialiseStack                    0x08011615   Thumb Code    38  port.o(i.pxPortInitialiseStack)
    rc_callback_handler                      0x08011641   Thumb Code   276  uart_bsp.o(i.rc_callback_handler)
    sqrtf                                    0x08011755   Thumb Code    62  sqrtf.o(i.sqrtf)
    uint_to_float                            0x08011793   Thumb Code    52  dm4310_drv.o(i.uint_to_float)
    uxListRemove                             0x080117c7   Thumb Code    40  list.o(i.uxListRemove)
    vListInitialise                          0x080117ef   Thumb Code    26  list.o(i.vListInitialise)
    vListInitialiseItem                      0x08011809   Thumb Code     6  list.o(i.vListInitialiseItem)
    vListInsert                              0x0801180f   Thumb Code    52  list.o(i.vListInsert)
    vListInsertEnd                           0x08011843   Thumb Code    24  list.o(i.vListInsertEnd)
    vPortEnterCritical                       0x0801185d   Thumb Code    76  port.o(i.vPortEnterCritical)
    vPortExitCritical                        0x080118b1   Thumb Code    56  port.o(i.vPortExitCritical)
    vPortFree                                0x080118ed   Thumb Code   150  heap_4.o(i.vPortFree)
    vPortSetupTimerInterrupt                 0x08011991   Thumb Code    36  port.o(i.vPortSetupTimerInterrupt)
    vTaskDelay                               0x080119b9   Thumb Code    82  tasks.o(i.vTaskDelay)
    vTaskStartScheduler                      0x08011a15   Thumb Code   108  tasks.o(i.vTaskStartScheduler)
    vTaskSuspendAll                          0x08011a9d   Thumb Code    12  tasks.o(i.vTaskSuspendAll)
    vTaskSwitchContext                       0x08011aad   Thumb Code   118  tasks.o(i.vTaskSwitchContext)
    wheel_motor_init                         0x08011b39   Thumb Code     6  dm4310_drv.o(i.wheel_motor_init)
    xPortStartScheduler                      0x08011b41   Thumb Code   330  port.o(i.xPortStartScheduler)
    xTaskCreate                              0x08011ca9   Thumb Code    96  tasks.o(i.xTaskCreate)
    xTaskIncrementTick                       0x08011d09   Thumb Code   282  tasks.o(i.xTaskIncrementTick)
    xTaskResumeAll                           0x08011e51   Thumb Code   224  tasks.o(i.xTaskResumeAll)
    xvEstimateKF_Init                        0x08011f55   Thumb Code    96  observe_task.o(i.xvEstimateKF_Init)
    xvEstimateKF_Update                      0x08011fc9   Thumb Code   100  observe_task.o(i.xvEstimateKF_Update)
    UARTPrescTable                           0x08012128   Data          24  stm32h7xx_hal_uart.o(.constdata)
    D1CorePrescTable                         0x08012150   Data          16  system_stm32h7xx.o(.constdata)
    vaEstimateKF_H                           0x0801219c   Data          16  observe_task.o(.constdata)
    sinTable_f32                             0x0801220c   Data        2052  arm_common_tables.o(.rodata.sinTable_f32)
    Region$$Table$$Base                      0x08012a10   Number         0  anon$$obj.o(Region$$Table)
    Region$$Table$$Limit                     0x08012a30   Number         0  anon$$obj.o(Region$$Table)
    adc_val                                  0x24000000   Data           4  main.o(.data)
    defaultTaskHandle                        0x24000004   Data           4  freertos.o(.data)
    INS_TASKHandle                           0x24000008   Data           4  freertos.o(.data)
    CHASSISR_TASKHandle                      0x2400000c   Data           4  freertos.o(.data)
    CHASSISL_TASKHandle                      0x24000010   Data           4  freertos.o(.data)
    OBSERVE_TASKHandle                       0x24000014   Data           4  freertos.o(.data)
    REMOTE_TASKHandle                        0x24000018   Data           4  freertos.o(.data)
    WATCH_TASKHandle                         0x2400001c   Data           4  freertos.o(.data)
    uwTick                                   0x24000024   Data           4  stm32h7xx_hal.o(.data)
    uwTickPrio                               0x24000028   Data           4  stm32h7xx_hal.o(.data)
    uwTickFreq                               0x2400002c   Data           1  stm32h7xx_hal.o(.data)
    SystemCoreClock                          0x24000030   Data           4  system_stm32h7xx.o(.data)
    SystemD2Clock                            0x24000034   Data           4  system_stm32h7xx.o(.data)
    BMI088_ACCEL_SEN                         0x24000038   Data           4  bmi088driver.o(.data)
    BMI088_GYRO_SEN                          0x2400003c   Data           4  bmi088driver.o(.data)
    gNormDiff                                0x24000044   Data           4  bmi088driver.o(.data)
    caliOffset                               0x24000048   Data           1  bmi088driver.o(.data)
    caliCount                                0x2400004a   Data           2  bmi088driver.o(.data)
    BMI088_SPI                               0x24000084   Data           4  bmi088middleware.o(.data)
    aver_fnr                                 0x24000088   Data           4  vmc_calc.o(.data)
    aver_fnl                                 0x2400008c   Data           4  vmc_calc.o(.data)
    sizeof_float                             0x240000a0   Data           2  kalman_filter.o(.data)
    sizeof_double                            0x240000a2   Data           2  kalman_filter.o(.data)
    pxCurrentTCB                             0x240000a4   Data           4  tasks.o(.data)
    gravity                                  0x2400010c   Data          12  ins_task.o(.data)
    INS_DWT_Count                            0x24000118   Data           4  ins_task.o(.data)
    ins_dt                                   0x2400011c   Data           4  ins_task.o(.data)
    ins_time                                 0x24000120   Data           4  ins_task.o(.data)
    stop_time                                0x24000124   Data           4  ins_task.o(.data)
    LQR_K_L                                  0x24000128   Data          48  chassisl_task.o(.data)
    jump_time2                               0x24000158   Data           4  chassisl_task.o(.data)
    CHASSL_TIME                              0x2400015c   Data           4  chassisl_task.o(.data)
    left_flag                                0x24000160   Data           1  chassisl_task.o(.data)
    LQR_K_R                                  0x24000164   Data          48  chassisr_task.o(.data)
    Poly_Coefficient                         0x24000194   Data         192  chassisr_task.o(.data)
    jump_time                                0x24000254   Data           4  chassisr_task.o(.data)
    CHASSR_TIME                              0x24000258   Data           4  chassisr_task.o(.data)
    right_flag                               0x2400025c   Data           1  chassisr_task.o(.data)
    mg                                       0x24000260   Data           4  chassisr_task.o(.data)
    jump_right_flag                          0x24000264   Data           4  chassisr_task.o(.data)
    vaEstimateKF_F                           0x24000268   Data          16  observe_task.o(.data)
    vaEstimateKF_P                           0x24000278   Data          16  observe_task.o(.data)
    vaEstimateKF_Q                           0x24000288   Data          16  observe_task.o(.data)
    vaEstimateKF_R                           0x24000298   Data          16  observe_task.o(.data)
    vel_acc                                  0x240002a8   Data           8  observe_task.o(.data)
    OBSERVE_TIME                             0x240002b0   Data           4  observe_task.o(.data)
    REMOTE_TIME                              0x240002c8   Data           4  remote_task.o(.data)
    VBAT_WARNNING_VAL                        0x240002d8   Data           4  watch_task.o(.data)
    VBAT_LOW_VAL                             0x240002dc   Data           4  watch_task.o(.data)
    WATCH_TIME                               0x240002e0   Data           4  watch_task.o(.data)
    SysTime                                  0x240002e8   Data           8  bsp_dwt.o(.data)
    CYCCNT64                                 0x24000308   Data           8  bsp_dwt.o(.data)
    __microlib_freelist                      0x24000328   Data           4  mvars.o(.data)
    __microlib_freelist_initialised          0x2400032c   Data           4  mvars.o(.data)
    hadc1                                    0x24000334   Data         112  adc.o(.bss)
    hdma_adc1                                0x240003a4   Data         120  adc.o(.bss)
    hfdcan1                                  0x2400041c   Data         160  fdcan.o(.bss)
    hfdcan2                                  0x240004bc   Data         160  fdcan.o(.bss)
    hfdcan3                                  0x2400055c   Data         160  fdcan.o(.bss)
    hspi2                                    0x240005fc   Data         136  spi.o(.bss)
    hdma_spi2_rx                             0x24000684   Data         120  spi.o(.bss)
    hdma_spi2_tx                             0x240006fc   Data         120  spi.o(.bss)
    htim3                                    0x24000774   Data          76  tim.o(.bss)
    htim12                                   0x240007c0   Data          76  tim.o(.bss)
    huart5                                   0x2400080c   Data         148  usart.o(.bss)
    hdma_uart5_rx                            0x240008a0   Data         120  usart.o(.bss)
    htim2                                    0x24000918   Data          76  stm32h7xx_hal_timebase_tim.o(.bss)
    gyroDiff                                 0x24000964   Data          12  bmi088driver.o(.bss)
    BMI088                                   0x24000970   Data          64  bmi088driver.o(.bss)
    averr                                    0x240009b0   Data          16  vmc_calc.o(.bss)
    averl                                    0x240009c0   Data          16  vmc_calc.o(.bss)
    INS                                      0x240082c0   Data         148  ins_task.o(.bss)
    mahony                                   0x24008354   Data         132  ins_task.o(.bss)
    Gyro                                     0x240083d8   Data          12  ins_task.o(.bss)
    Accel                                    0x240083e4   Data          12  ins_task.o(.bss)
    left                                     0x240083f0   Data         176  chassisl_task.o(.bss)
    LegL_Pid                                 0x240084a0   Data          72  chassisl_task.o(.bss)
    right                                    0x240084e8   Data         176  chassisr_task.o(.bss)
    chassis_move                             0x24008598   Data         448  chassisr_task.o(.bss)
    LegR_Pid                                 0x24008758   Data          72  chassisr_task.o(.bss)
    Tp_Pid                                   0x240087a0   Data          72  chassisr_task.o(.bss)
    Turn_Pid                                 0x240087e8   Data          72  chassisr_task.o(.bss)
    Roll_Pid                                 0x24008830   Data          72  chassisr_task.o(.bss)
    vaEstimateKF                             0x24008878   Data         320  observe_task.o(.bss)
    vaEstimateKF_K                           0x240089b8   Data          16  observe_task.o(.bss)
    RxHeader1                                0x240089c8   Data          40  can_bsp.o(.bss)
    g_Can1RxData                             0x240089f0   Data          64  can_bsp.o(.bss)
    RxHeader2                                0x24008a30   Data          40  can_bsp.o(.bss)
    g_Can2RxData                             0x24008a58   Data          64  can_bsp.o(.bss)
    rc                                       0x24008a98   Data          18  uart_bsp.o(.bss)
    rx_buff                                  0x24008aaa   Data          25  uart_bsp.o(.bss)
    remoter                                  0x24008ac4   Data          52  uart_bsp.o(.bss)
    __heap_base                              0x24008af8   Data           0  startup_stm32h723xx.o(HEAP)
    __heap_limit                             0x24008cf8   Data           0  startup_stm32h723xx.o(HEAP)
    __initial_sp                             0x240094f8   Data           0  startup_stm32h723xx.o(STACK)



==============================================================================

Memory Map of the image

  Image Entry point : 0x080002cd

  Load Region LR_IROM1 (Base: 0x08000000, Size: 0x00012d64, Max: 0x00100000, ABSOLUTE, COMPRESSED[0x00012b9c])

    Execution Region ER_IROM1 (Exec base: 0x08000000, Load base: 0x08000000, Size: 0x00012a30, Max: 0x00100000, ABSOLUTE)

    Exec Addr    Load Addr    Size         Type   Attr      Idx    E Section Name        Object

    0x08000000   0x08000000   0x000002cc   Data   RO            3    RESET               startup_stm32h723xx.o
    0x080002cc   0x080002cc   0x00000000   Code   RO         9482  * .ARM.Collect$$$$00000000  mc_w.l(entry.o)
    0x080002cc   0x080002cc   0x00000004   Code   RO         9539    .ARM.Collect$$$$00000001  mc_w.l(entry2.o)
    0x080002d0   0x080002d0   0x00000004   Code   RO         9542    .ARM.Collect$$$$00000004  mc_w.l(entry5.o)
    0x080002d4   0x080002d4   0x00000000   Code   RO         9544    .ARM.Collect$$$$00000008  mc_w.l(entry7b.o)
    0x080002d4   0x080002d4   0x00000000   Code   RO         9546    .ARM.Collect$$$$0000000A  mc_w.l(entry8b.o)
    0x080002d4   0x080002d4   0x00000008   Code   RO         9547    .ARM.Collect$$$$0000000B  mc_w.l(entry9a.o)
    0x080002dc   0x080002dc   0x00000000   Code   RO         9549    .ARM.Collect$$$$0000000D  mc_w.l(entry10a.o)
    0x080002dc   0x080002dc   0x00000000   Code   RO         9551    .ARM.Collect$$$$0000000F  mc_w.l(entry11a.o)
    0x080002dc   0x080002dc   0x00000004   Code   RO         9540    .ARM.Collect$$$$00002712  mc_w.l(entry2.o)
    0x080002e0   0x080002e0   0x000000be   Code   RO         8417    .emb_text           port.o
    0x0800039e   0x0800039e   0x00000002   PAD
    0x080003a0   0x080003a0   0x00000024   Code   RO            4    .text               startup_stm32h723xx.o
    0x080003c4   0x080003c4   0x00000062   Code   RO         9485    .text               mc_w.l(uldiv.o)
    0x08000426   0x08000426   0x00000024   Code   RO         9487    .text               mc_w.l(memcpya.o)
    0x0800044a   0x0800044a   0x00000024   Code   RO         9491    .text               mc_w.l(memseta.o)
    0x0800046e   0x0800046e   0x0000001e   Code   RO         9553    .text               mc_w.l(llshl.o)
    0x0800048c   0x0800048c   0x00000020   Code   RO         9555    .text               mc_w.l(llushr.o)
    0x080004ac   0x080004ac   0x00000000   Code   RO         9566    .text               mc_w.l(iusefp.o)
    0x080004ac   0x080004ac   0x00000024   Code   RO         9567    .text               mc_w.l(init.o)
    0x080004d0   0x080004d0   0x00000056   Code   RO         9577    .text               mc_w.l(__dczerorl2.o)
    0x08000526   0x08000526   0x00000002   PAD
    0x08000528   0x08000528   0x00000090   Code   RO         9249    .text.arm_cos_f32   arm_cortexM7lfdp_math.lib(arm_cos_f32.o)
    0x080005b8   0x080005b8   0x000000be   Code   RO         9269    .text.arm_mat_add_f32  arm_cortexM7lfdp_math.lib(arm_mat_add_f32.o)
    0x08000676   0x08000676   0x00000008   Code   RO         9279    .text.arm_mat_init_f32  arm_cortexM7lfdp_math.lib(arm_mat_init_f32.o)
    0x0800067e   0x0800067e   0x00000002   PAD
    0x08000680   0x08000680   0x000002cc   Code   RO         9288    .text.arm_mat_inverse_f32  arm_cortexM7lfdp_math.lib(arm_mat_inverse_f32.o)
    0x0800094c   0x0800094c   0x00000130   Code   RO         9298    .text.arm_mat_mult_f32  arm_cortexM7lfdp_math.lib(arm_mat_mult_f32.o)
    0x08000a7c   0x08000a7c   0x000000be   Code   RO         9308    .text.arm_mat_sub_f32  arm_cortexM7lfdp_math.lib(arm_mat_sub_f32.o)
    0x08000b3a   0x08000b3a   0x00000002   PAD
    0x08000b3c   0x08000b3c   0x000000b4   Code   RO         9318    .text.arm_mat_trans_f32  arm_cortexM7lfdp_math.lib(arm_mat_trans_f32.o)
    0x08000bf0   0x08000bf0   0x0000008c   Code   RO         9259    .text.arm_sin_f32   arm_cortexM7lfdp_math.lib(arm_sin_f32.o)
    0x08000c7c   0x08000c7c   0x00000130   Code   RO          885    i.ADC_ConfigureBoostMode  stm32h7xx_hal_adc.o
    0x08000dac   0x08000dac   0x00000092   Code   RO          887    i.ADC_DMAConvCplt   stm32h7xx_hal_adc.o
    0x08000e3e   0x08000e3e   0x0000001e   Code   RO          888    i.ADC_DMAError      stm32h7xx_hal_adc.o
    0x08000e5c   0x08000e5c   0x0000000e   Code   RO          889    i.ADC_DMAHalfConvCplt  stm32h7xx_hal_adc.o
    0x08000e6a   0x08000e6a   0x00000002   PAD
    0x08000e6c   0x08000e6c   0x00000094   Code   RO          890    i.ADC_Disable       stm32h7xx_hal_adc.o
    0x08000f00   0x08000f00   0x000000cc   Code   RO          891    i.ADC_Enable        stm32h7xx_hal_adc.o
    0x08000fcc   0x08000fcc   0x00000014   Code   RO         6596    i.BMI088_ACCEL_NS_H  bmi088middleware.o
    0x08000fe0   0x08000fe0   0x00000014   Code   RO         6597    i.BMI088_ACCEL_NS_L  bmi088middleware.o
    0x08000ff4   0x08000ff4   0x00000014   Code   RO         6598    i.BMI088_GYRO_NS_H  bmi088middleware.o
    0x08001008   0x08001008   0x00000014   Code   RO         6599    i.BMI088_GYRO_NS_L  bmi088middleware.o
    0x0800101c   0x0800101c   0x00000330   Code   RO         6506    i.BMI088_Read       bmi088driver.o
    0x0800134c   0x0800134c   0x000000c0   Code   RO         6507    i.BMI088_init       bmi088driver.o
    0x0800140c   0x0800140c   0x00000026   Code   RO         6508    i.BMI088_read_muli_reg  bmi088driver.o
    0x08001432   0x08001432   0x00000018   Code   RO         6509    i.BMI088_read_single_reg  bmi088driver.o
    0x0800144a   0x0800144a   0x00000002   PAD
    0x0800144c   0x0800144c   0x00000024   Code   RO         6600    i.BMI088_read_write_byte  bmi088middleware.o
    0x08001470   0x08001470   0x00000014   Code   RO         6510    i.BMI088_write_single_reg  bmi088driver.o
    0x08001484   0x08001484   0x0000015a   Code   RO         8497    i.BodyFrameToEarthFrame  ins_task.o
    0x080015de   0x080015de   0x00000004   Code   RO          704    i.BusFault_Handler  stm32h7xx_it.o
    0x080015e2   0x080015e2   0x00000002   PAD
    0x080015e4   0x080015e4   0x00000674   Code   RO         6511    i.Calibrate_MPU_Offset  bmi088driver.o
    0x08001c58   0x08001c58   0x00000008   Code   RO          327    i.ChassisL_Task     freertos.o
    0x08001c60   0x08001c60   0x000000b8   Code   RO         8556    i.ChassisL_init     chassisl_task.o
    0x08001d18   0x08001d18   0x0000015c   Code   RO         8557    i.ChassisL_task     chassisl_task.o
    0x08001e74   0x08001e74   0x00000008   Code   RO          328    i.ChassisR_Task     freertos.o
    0x08001e7c   0x08001e7c   0x000000ac   Code   RO         8610    i.ChassisR_init     chassisr_task.o
    0x08001f28   0x08001f28   0x00000170   Code   RO         8611    i.ChassisR_task     chassisr_task.o
    0x08002098   0x08002098   0x00000010   Code   RO          705    i.DMA1_Stream0_IRQHandler  stm32h7xx_it.o
    0x080020a8   0x080020a8   0x00000010   Code   RO          706    i.DMA1_Stream1_IRQHandler  stm32h7xx_it.o
    0x080020b8   0x080020b8   0x00000010   Code   RO          707    i.DMA1_Stream2_IRQHandler  stm32h7xx_it.o
    0x080020c8   0x080020c8   0x00000010   Code   RO          708    i.DMA1_Stream3_IRQHandler  stm32h7xx_it.o
    0x080020d8   0x080020d8   0x000000ec   Code   RO         2151    i.DMA_CalcBaseAndBitshift  stm32h7xx_hal_dma.o
    0x080021c4   0x080021c4   0x000000c4   Code   RO         2152    i.DMA_CalcDMAMUXChannelBaseAndMask  stm32h7xx_hal_dma.o
    0x08002288   0x08002288   0x00000098   Code   RO         2153    i.DMA_CalcDMAMUXRequestGenBaseAndMask  stm32h7xx_hal_dma.o
    0x08002320   0x08002320   0x000000ae   Code   RO         2154    i.DMA_CheckFifoParam  stm32h7xx_hal_dma.o
    0x080023ce   0x080023ce   0x00000002   PAD
    0x080023d0   0x080023d0   0x00000274   Code   RO         2155    i.DMA_SetConfig     stm32h7xx_hal_dma.o
    0x08002644   0x08002644   0x00000030   Code   RO         8909    i.DWT_CNT_Update    bsp_dwt.o
    0x08002674   0x08002674   0x0000003c   Code   RO         8910    i.DWT_Delay         bsp_dwt.o
    0x080026b0   0x080026b0   0x0000004c   Code   RO         8911    i.DWT_GetDeltaT     bsp_dwt.o
    0x080026fc   0x080026fc   0x00000054   Code   RO         8914    i.DWT_GetTimeline_s  bsp_dwt.o
    0x08002750   0x08002750   0x00000068   Code   RO         8916    i.DWT_Init          bsp_dwt.o
    0x080027b8   0x080027b8   0x000000d0   Code   RO         8917    i.DWT_SysTimeUpdate  bsp_dwt.o
    0x08002888   0x08002888   0x00000002   Code   RO          709    i.DebugMon_Handler  stm32h7xx_it.o
    0x0800288a   0x0800288a   0x0000015a   Code   RO         8498    i.EarthFrameToBodyFrame  ins_task.o
    0x080029e4   0x080029e4   0x00000006   Code   RO           13    i.Error_Handler     main.o
    0x080029ea   0x080029ea   0x00000002   PAD
    0x080029ec   0x080029ec   0x00000060   Code   RO         8986    i.FDCAN1_Config     can_bsp.o
    0x08002a4c   0x08002a4c   0x00000010   Code   RO          710    i.FDCAN1_IT0_IRQHandler  stm32h7xx_it.o
    0x08002a5c   0x08002a5c   0x00000060   Code   RO         8987    i.FDCAN2_Config     can_bsp.o
    0x08002abc   0x08002abc   0x00000010   Code   RO          711    i.FDCAN2_IT0_IRQHandler  stm32h7xx_it.o
    0x08002acc   0x08002acc   0x00000010   Code   RO          712    i.FDCAN3_IT0_IRQHandler  stm32h7xx_it.o
    0x08002adc   0x08002adc   0x00000220   Code   RO         3938    i.FDCAN_CalcultateRamBlockAddresses  stm32h7xx_hal_fdcan.o
    0x08002cfc   0x08002cfc   0x000000d4   Code   RO         3939    i.FDCAN_CopyMessageToRAM  stm32h7xx_hal_fdcan.o
    0x08002dd0   0x08002dd0   0x000000b8   Code   RO         1162    i.HAL_ADCEx_Calibration_Start  stm32h7xx_hal_adc_ex.o
    0x08002e88   0x08002e88   0x00000164   Code   RO         1182    i.HAL_ADCEx_MultiModeConfigChannel  stm32h7xx_hal_adc_ex.o
    0x08002fec   0x08002fec   0x00000788   Code   RO          893    i.HAL_ADC_ConfigChannel  stm32h7xx_hal_adc.o
    0x08003774   0x08003774   0x00000002   Code   RO          894    i.HAL_ADC_ConvCpltCallback  stm32h7xx_hal_adc.o
    0x08003776   0x08003776   0x00000002   Code   RO          895    i.HAL_ADC_ConvHalfCpltCallback  stm32h7xx_hal_adc.o
    0x08003778   0x08003778   0x00000002   Code   RO          897    i.HAL_ADC_ErrorCallback  stm32h7xx_hal_adc.o
    0x0800377a   0x0800377a   0x00000002   PAD
    0x0800377c   0x0800377c   0x00000340   Code   RO          902    i.HAL_ADC_Init      stm32h7xx_hal_adc.o
    0x08003abc   0x08003abc   0x000000f0   Code   RO          446    i.HAL_ADC_MspInit   adc.o
    0x08003bac   0x08003bac   0x00000170   Code   RO          909    i.HAL_ADC_Start_DMA  stm32h7xx_hal_adc.o
    0x08003d1c   0x08003d1c   0x000004dc   Code   RO         2156    i.HAL_DMA_Abort     stm32h7xx_hal_dma.o
    0x080041f8   0x080041f8   0x00000398   Code   RO         2157    i.HAL_DMA_Abort_IT  stm32h7xx_hal_dma.o
    0x08004590   0x08004590   0x00000af8   Code   RO         2161    i.HAL_DMA_IRQHandler  stm32h7xx_hal_dma.o
    0x08005088   0x08005088   0x00000514   Code   RO         2162    i.HAL_DMA_Init      stm32h7xx_hal_dma.o
    0x0800559c   0x0800559c   0x000003e0   Code   RO         2166    i.HAL_DMA_Start_IT  stm32h7xx_hal_dma.o
    0x0800597c   0x0800597c   0x00000028   Code   RO         2999    i.HAL_Delay         stm32h7xx_hal.o
    0x080059a4   0x080059a4   0x000000a8   Code   RO         3941    i.HAL_FDCAN_ActivateNotification  stm32h7xx_hal_fdcan.o
    0x08005a4c   0x08005a4c   0x00000090   Code   RO         3943    i.HAL_FDCAN_AddMessageToTxFifoQ  stm32h7xx_hal_fdcan.o
    0x08005adc   0x08005adc   0x00000002   Code   RO         3944    i.HAL_FDCAN_ClockCalibrationCallback  stm32h7xx_hal_fdcan.o
    0x08005ade   0x08005ade   0x000000a8   Code   RO         3948    i.HAL_FDCAN_ConfigFilter  stm32h7xx_hal_fdcan.o
    0x08005b86   0x08005b86   0x00000034   Code   RO         3949    i.HAL_FDCAN_ConfigGlobalFilter  stm32h7xx_hal_fdcan.o
    0x08005bba   0x08005bba   0x00000002   Code   RO         3970    i.HAL_FDCAN_ErrorCallback  stm32h7xx_hal_fdcan.o
    0x08005bbc   0x08005bbc   0x00000002   Code   RO         3971    i.HAL_FDCAN_ErrorStatusCallback  stm32h7xx_hal_fdcan.o
    0x08005bbe   0x08005bbe   0x00000002   PAD
    0x08005bc0   0x08005bc0   0x000001f4   Code   RO         3982    i.HAL_FDCAN_GetRxMessage  stm32h7xx_hal_fdcan.o
    0x08005db4   0x08005db4   0x00000002   Code   RO         3988    i.HAL_FDCAN_HighPriorityMessageCallback  stm32h7xx_hal_fdcan.o
    0x08005db6   0x08005db6   0x00000002   PAD
    0x08005db8   0x08005db8   0x000003d4   Code   RO         3989    i.HAL_FDCAN_IRQHandler  stm32h7xx_hal_fdcan.o
    0x0800618c   0x0800618c   0x000002e0   Code   RO         3990    i.HAL_FDCAN_Init    stm32h7xx_hal_fdcan.o
    0x0800646c   0x0800646c   0x000001b4   Code   RO          512    i.HAL_FDCAN_MspInit  fdcan.o
    0x08006620   0x08006620   0x00000002   Code   RO         3999    i.HAL_FDCAN_RxBufferNewMessageCallback  stm32h7xx_hal_fdcan.o
    0x08006622   0x08006622   0x00000002   PAD
    0x08006624   0x08006624   0x0000007c   Code   RO         8988    i.HAL_FDCAN_RxFifo0Callback  can_bsp.o
    0x080066a0   0x080066a0   0x0000007c   Code   RO         8989    i.HAL_FDCAN_RxFifo1Callback  can_bsp.o
    0x0800671c   0x0800671c   0x00000034   Code   RO         4002    i.HAL_FDCAN_Start   stm32h7xx_hal_fdcan.o
    0x08006750   0x08006750   0x00000002   Code   RO         4024    i.HAL_FDCAN_TT_GlobalTimeCallback  stm32h7xx_hal_fdcan.o
    0x08006752   0x08006752   0x00000002   Code   RO         4025    i.HAL_FDCAN_TT_ScheduleSyncCallback  stm32h7xx_hal_fdcan.o
    0x08006754   0x08006754   0x00000002   Code   RO         4030    i.HAL_FDCAN_TT_StopWatchCallback  stm32h7xx_hal_fdcan.o
    0x08006756   0x08006756   0x00000002   Code   RO         4031    i.HAL_FDCAN_TT_TimeMarkCallback  stm32h7xx_hal_fdcan.o
    0x08006758   0x08006758   0x00000002   Code   RO         4032    i.HAL_FDCAN_TimeoutOccurredCallback  stm32h7xx_hal_fdcan.o
    0x0800675a   0x0800675a   0x00000002   Code   RO         4033    i.HAL_FDCAN_TimestampWraparoundCallback  stm32h7xx_hal_fdcan.o
    0x0800675c   0x0800675c   0x00000002   Code   RO         4034    i.HAL_FDCAN_TxBufferAbortCallback  stm32h7xx_hal_fdcan.o
    0x0800675e   0x0800675e   0x00000002   Code   RO         4035    i.HAL_FDCAN_TxBufferCompleteCallback  stm32h7xx_hal_fdcan.o
    0x08006760   0x08006760   0x00000002   Code   RO         4036    i.HAL_FDCAN_TxEventFifoCallback  stm32h7xx_hal_fdcan.o
    0x08006762   0x08006762   0x00000002   Code   RO         4037    i.HAL_FDCAN_TxFifoEmptyCallback  stm32h7xx_hal_fdcan.o
    0x08006764   0x08006764   0x000001f0   Code   RO         2004    i.HAL_GPIO_Init     stm32h7xx_hal_gpio.o
    0x08006954   0x08006954   0x0000000c   Code   RO         2008    i.HAL_GPIO_WritePin  stm32h7xx_hal_gpio.o
    0x08006960   0x08006960   0x0000000c   Code   RO         3015    i.HAL_GetTick       stm32h7xx_hal.o
    0x0800696c   0x0800696c   0x00000018   Code   RO         3021    i.HAL_IncTick       stm32h7xx_hal.o
    0x08006984   0x08006984   0x00000060   Code   RO         3022    i.HAL_Init          stm32h7xx_hal.o
    0x080069e4   0x080069e4   0x000000a0   Code   RO          846    i.HAL_InitTick      stm32h7xx_hal_timebase_tim.o
    0x08006a84   0x08006a84   0x00000030   Code   RO          822    i.HAL_MspInit       stm32h7xx_hal_msp.o
    0x08006ab4   0x08006ab4   0x00000028   Code   RO         2852    i.HAL_NVIC_EnableIRQ  stm32h7xx_hal_cortex.o
    0x08006adc   0x08006adc   0x0000007a   Code   RO         2858    i.HAL_NVIC_SetPriority  stm32h7xx_hal_cortex.o
    0x08006b56   0x08006b56   0x00000002   PAD
    0x08006b58   0x08006b58   0x00000028   Code   RO         2859    i.HAL_NVIC_SetPriorityGrouping  stm32h7xx_hal_cortex.o
    0x08006b80   0x08006b80   0x00000060   Code   RO         2605    i.HAL_PWREx_ConfigSupply  stm32h7xx_hal_pwr_ex.o
    0x08006be0   0x08006be0   0x00000024   Code   RO         1547    i.HAL_RCCEx_GetD3PCLK1Freq  stm32h7xx_hal_rcc_ex.o
    0x08006c04   0x08006c04   0x00000230   Code   RO         1548    i.HAL_RCCEx_GetPLL1ClockFreq  stm32h7xx_hal_rcc_ex.o
    0x08006e34   0x08006e34   0x00000230   Code   RO         1549    i.HAL_RCCEx_GetPLL2ClockFreq  stm32h7xx_hal_rcc_ex.o
    0x08007064   0x08007064   0x00000230   Code   RO         1550    i.HAL_RCCEx_GetPLL3ClockFreq  stm32h7xx_hal_rcc_ex.o
    0x08007294   0x08007294   0x000007ac   Code   RO         1552    i.HAL_RCCEx_GetPeriphCLKFreq  stm32h7xx_hal_rcc_ex.o
    0x08007a40   0x08007a40   0x00000cc8   Code   RO         1556    i.HAL_RCCEx_PeriphCLKConfig  stm32h7xx_hal_rcc_ex.o
    0x08008708   0x08008708   0x00000320   Code   RO         1432    i.HAL_RCC_ClockConfig  stm32h7xx_hal_rcc.o
    0x08008a28   0x08008a28   0x0000006c   Code   RO         1436    i.HAL_RCC_GetClockConfig  stm32h7xx_hal_rcc.o
    0x08008a94   0x08008a94   0x0000004c   Code   RO         1437    i.HAL_RCC_GetHCLKFreq  stm32h7xx_hal_rcc.o
    0x08008ae0   0x08008ae0   0x00000024   Code   RO         1439    i.HAL_RCC_GetPCLK1Freq  stm32h7xx_hal_rcc.o
    0x08008b04   0x08008b04   0x00000024   Code   RO         1440    i.HAL_RCC_GetPCLK2Freq  stm32h7xx_hal_rcc.o
    0x08008b28   0x08008b28   0x0000022c   Code   RO         1441    i.HAL_RCC_GetSysClockFreq  stm32h7xx_hal_rcc.o
    0x08008d54   0x08008d54   0x0000075c   Code   RO         1444    i.HAL_RCC_OscConfig  stm32h7xx_hal_rcc.o
    0x080094b0   0x080094b0   0x00000002   Code   RO         4563    i.HAL_SPI_ErrorCallback  stm32h7xx_hal_spi.o
    0x080094b2   0x080094b2   0x00000002   PAD
    0x080094b4   0x080094b4   0x00000294   Code   RO         4566    i.HAL_SPI_IRQHandler  stm32h7xx_hal_spi.o
    0x08009748   0x08009748   0x000001b0   Code   RO         4567    i.HAL_SPI_Init      stm32h7xx_hal_spi.o
    0x080098f8   0x080098f8   0x00000178   Code   RO          567    i.HAL_SPI_MspInit   spi.o
    0x08009a70   0x08009a70   0x00000002   Code   RO         4573    i.HAL_SPI_RxCpltCallback  stm32h7xx_hal_spi.o
    0x08009a72   0x08009a72   0x00000002   Code   RO         4575    i.HAL_SPI_SuspendCallback  stm32h7xx_hal_spi.o
    0x08009a74   0x08009a74   0x00000302   Code   RO         4577    i.HAL_SPI_TransmitReceive  stm32h7xx_hal_spi.o
    0x08009d76   0x08009d76   0x00000002   Code   RO         4582    i.HAL_SPI_TxCpltCallback  stm32h7xx_hal_spi.o
    0x08009d78   0x08009d78   0x00000002   Code   RO         4584    i.HAL_SPI_TxRxCpltCallback  stm32h7xx_hal_spi.o
    0x08009d7a   0x08009d7a   0x00000002   Code   RO         5617    i.HAL_TIMEx_Break2Callback  stm32h7xx_hal_tim_ex.o
    0x08009d7c   0x08009d7c   0x00000002   Code   RO         5618    i.HAL_TIMEx_BreakCallback  stm32h7xx_hal_tim_ex.o
    0x08009d7e   0x08009d7e   0x00000002   Code   RO         5619    i.HAL_TIMEx_CommutCallback  stm32h7xx_hal_tim_ex.o
    0x08009d80   0x08009d80   0x000000e4   Code   RO         5640    i.HAL_TIMEx_MasterConfigSynchronization  stm32h7xx_hal_tim_ex.o
    0x08009e64   0x08009e64   0x0000006e   Code   RO         4892    i.HAL_TIM_Base_Init  stm32h7xx_hal_tim.o
    0x08009ed2   0x08009ed2   0x00000002   Code   RO         4894    i.HAL_TIM_Base_MspInit  stm32h7xx_hal_tim.o
    0x08009ed4   0x08009ed4   0x000000cc   Code   RO         4897    i.HAL_TIM_Base_Start_IT  stm32h7xx_hal_tim.o
    0x08009fa0   0x08009fa0   0x00000002   Code   RO         4926    i.HAL_TIM_IC_CaptureCallback  stm32h7xx_hal_tim.o
    0x08009fa2   0x08009fa2   0x000001b8   Code   RO         4940    i.HAL_TIM_IRQHandler  stm32h7xx_hal_tim.o
    0x0800a15a   0x0800a15a   0x00000002   PAD
    0x0800a15c   0x0800a15c   0x000000a0   Code   RO          608    i.HAL_TIM_MspPostInit  tim.o
    0x0800a1fc   0x0800a1fc   0x00000002   Code   RO         4943    i.HAL_TIM_OC_DelayElapsedCallback  stm32h7xx_hal_tim.o
    0x0800a1fe   0x0800a1fe   0x00000170   Code   RO         4964    i.HAL_TIM_PWM_ConfigChannel  stm32h7xx_hal_tim.o
    0x0800a36e   0x0800a36e   0x0000006e   Code   RO         4967    i.HAL_TIM_PWM_Init  stm32h7xx_hal_tim.o
    0x0800a3dc   0x0800a3dc   0x00000058   Code   RO          610    i.HAL_TIM_PWM_MspInit  tim.o
    0x0800a434   0x0800a434   0x00000002   Code   RO         4970    i.HAL_TIM_PWM_PulseFinishedCallback  stm32h7xx_hal_tim.o
    0x0800a436   0x0800a436   0x00000002   PAD
    0x0800a438   0x0800a438   0x0000017c   Code   RO         4972    i.HAL_TIM_PWM_Start  stm32h7xx_hal_tim.o
    0x0800a5b4   0x0800a5b4   0x000000e4   Code   RO         4975    i.HAL_TIM_PWM_Stop  stm32h7xx_hal_tim.o
    0x0800a698   0x0800a698   0x00000012   Code   RO           14    i.HAL_TIM_PeriodElapsedCallback  main.o
    0x0800a6aa   0x0800a6aa   0x00000002   Code   RO         4983    i.HAL_TIM_TriggerCallback  stm32h7xx_hal_tim.o
    0x0800a6ac   0x0800a6ac   0x0000004e   Code   RO         6345    i.HAL_UARTEx_DisableFifoMode  stm32h7xx_hal_uart_ex.o
    0x0800a6fa   0x0800a6fa   0x00000062   Code   RO         6351    i.HAL_UARTEx_ReceiveToIdle_DMA  stm32h7xx_hal_uart_ex.o
    0x0800a75c   0x0800a75c   0x0000004c   Code   RO         9068    i.HAL_UARTEx_RxEventCallback  uart_bsp.o
    0x0800a7a8   0x0800a7a8   0x00000002   Code   RO         6353    i.HAL_UARTEx_RxFifoFullCallback  stm32h7xx_hal_uart_ex.o
    0x0800a7aa   0x0800a7aa   0x0000005e   Code   RO         6354    i.HAL_UARTEx_SetRxFifoThreshold  stm32h7xx_hal_uart_ex.o
    0x0800a808   0x0800a808   0x0000005e   Code   RO         6355    i.HAL_UARTEx_SetTxFifoThreshold  stm32h7xx_hal_uart_ex.o
    0x0800a866   0x0800a866   0x00000002   Code   RO         6357    i.HAL_UARTEx_TxFifoEmptyCallback  stm32h7xx_hal_uart_ex.o
    0x0800a868   0x0800a868   0x00000002   Code   RO         6358    i.HAL_UARTEx_WakeupCallback  stm32h7xx_hal_uart_ex.o
    0x0800a86a   0x0800a86a   0x00000002   PAD
    0x0800a86c   0x0800a86c   0x0000002c   Code   RO         9069    i.HAL_UART_ErrorCallback  uart_bsp.o
    0x0800a898   0x0800a898   0x00000494   Code   RO         5948    i.HAL_UART_IRQHandler  stm32h7xx_hal_uart.o
    0x0800ad2c   0x0800ad2c   0x00000078   Code   RO         5949    i.HAL_UART_Init     stm32h7xx_hal_uart.o
    0x0800ada4   0x0800ada4   0x00000128   Code   RO          663    i.HAL_UART_MspInit  usart.o
    0x0800aecc   0x0800aecc   0x00000002   Code   RO         5956    i.HAL_UART_RxCpltCallback  stm32h7xx_hal_uart.o
    0x0800aece   0x0800aece   0x00000002   Code   RO         5957    i.HAL_UART_RxHalfCpltCallback  stm32h7xx_hal_uart.o
    0x0800aed0   0x0800aed0   0x00000002   Code   RO         5961    i.HAL_UART_TxCpltCallback  stm32h7xx_hal_uart.o
    0x0800aed2   0x0800aed2   0x00000002   PAD
    0x0800aed4   0x0800aed4   0x00000130   Code   RO         6972    i.H_K_R_Adjustment  kalman_filter.o
    0x0800b004   0x0800b004   0x00000004   Code   RO          713    i.HardFault_Handler  stm32h7xx_it.o
    0x0800b008   0x0800b008   0x00000034   Code   RO         8499    i.INS_Init          ins_task.o
    0x0800b03c   0x0800b03c   0x00000008   Code   RO          329    i.INS_Task          freertos.o
    0x0800b044   0x0800b044   0x0000035c   Code   RO         8500    i.INS_task          ins_task.o
    0x0800b3a0   0x0800b3a0   0x0000070c   Code   RO         6973    i.Kalman_Filter_Init  kalman_filter.o
    0x0800baac   0x0800baac   0x00000050   Code   RO         6974    i.Kalman_Filter_Measure  kalman_filter.o
    0x0800bafc   0x0800bafc   0x00000068   Code   RO         6975    i.Kalman_Filter_P_Update  kalman_filter.o
    0x0800bb64   0x0800bb64   0x00000068   Code   RO         6976    i.Kalman_Filter_PminusUpdate  kalman_filter.o
    0x0800bbcc   0x0800bbcc   0x000000d2   Code   RO         6977    i.Kalman_Filter_SetK  kalman_filter.o
    0x0800bc9e   0x0800bc9e   0x00000002   PAD
    0x0800bca0   0x0800bca0   0x0000012c   Code   RO         6978    i.Kalman_Filter_Update  kalman_filter.o
    0x0800bdcc   0x0800bdcc   0x0000007c   Code   RO         6979    i.Kalman_Filter_xhatMinusUpdate  kalman_filter.o
    0x0800be48   0x0800be48   0x00000086   Code   RO         6980    i.Kalman_Filter_xhatUpdate  kalman_filter.o
    0x0800bece   0x0800bece   0x00000002   PAD
    0x0800bed0   0x0800bed0   0x00000010   Code   RO          915    i.LL_ADC_Enable     stm32h7xx_hal_adc.o
    0x0800bee0   0x0800bee0   0x0000000a   Code   RO          917    i.LL_ADC_GetMultimode  stm32h7xx_hal_adc.o
    0x0800beea   0x0800beea   0x00000012   Code   RO          918    i.LL_ADC_GetOffsetChannel  stm32h7xx_hal_adc.o
    0x0800befc   0x0800befc   0x0000000a   Code   RO          919    i.LL_ADC_INJ_IsConversionOngoing  stm32h7xx_hal_adc.o
    0x0800bf06   0x0800bf06   0x0000000a   Code   RO          920    i.LL_ADC_IsDisableOngoing  stm32h7xx_hal_adc.o
    0x0800bf10   0x0800bf10   0x0000000a   Code   RO          921    i.LL_ADC_IsEnabled  stm32h7xx_hal_adc.o
    0x0800bf1a   0x0800bf1a   0x0000000a   Code   RO         1195    i.LL_ADC_IsEnabled  stm32h7xx_hal_adc_ex.o
    0x0800bf24   0x0800bf24   0x0000000a   Code   RO          922    i.LL_ADC_IsInternalRegulatorEnabled  stm32h7xx_hal_adc.o
    0x0800bf2e   0x0800bf2e   0x0000000a   Code   RO          923    i.LL_ADC_REG_IsConversionOngoing  stm32h7xx_hal_adc.o
    0x0800bf38   0x0800bf38   0x0000000a   Code   RO         1196    i.LL_ADC_REG_IsConversionOngoing  stm32h7xx_hal_adc_ex.o
    0x0800bf42   0x0800bf42   0x00000012   Code   RO          924    i.LL_ADC_REG_IsTriggerSourceSWStart  stm32h7xx_hal_adc.o
    0x0800bf54   0x0800bf54   0x00000010   Code   RO          925    i.LL_ADC_REG_StartConversion  stm32h7xx_hal_adc.o
    0x0800bf64   0x0800bf64   0x00000028   Code   RO          927    i.LL_ADC_SetChannelSamplingTime  stm32h7xx_hal_adc.o
    0x0800bf8c   0x0800bf8c   0x0000000c   Code   RO          928    i.LL_ADC_SetCommonPathInternalCh  stm32h7xx_hal_adc.o
    0x0800bf98   0x0800bf98   0x00000030   Code   RO          929    i.LL_ADC_SetOffsetState  stm32h7xx_hal_adc.o
    0x0800bfc8   0x0800bfc8   0x00000032   Code   RO         6901    i.LQR_K_calc        vmc_calc.o
    0x0800bffa   0x0800bffa   0x00000002   PAD
    0x0800bffc   0x0800bffc   0x000000c4   Code   RO          447    i.MX_ADC1_Init      adc.o
    0x0800c0c0   0x0800c0c0   0x00000064   Code   RO          487    i.MX_DMA_Init       dma.o
    0x0800c124   0x0800c124   0x00000080   Code   RO          513    i.MX_FDCAN1_Init    fdcan.o
    0x0800c1a4   0x0800c1a4   0x00000080   Code   RO          514    i.MX_FDCAN2_Init    fdcan.o
    0x0800c224   0x0800c224   0x00000080   Code   RO          515    i.MX_FDCAN3_Init    fdcan.o
    0x0800c2a4   0x0800c2a4   0x000000d0   Code   RO          330    i.MX_FREERTOS_Init  freertos.o
    0x0800c374   0x0800c374   0x00000174   Code   RO          303    i.MX_GPIO_Init      gpio.o
    0x0800c4e8   0x0800c4e8   0x00000064   Code   RO          568    i.MX_SPI2_Init      spi.o
    0x0800c54c   0x0800c54c   0x00000080   Code   RO          611    i.MX_TIM12_Init     tim.o
    0x0800c5cc   0x0800c5cc   0x00000080   Code   RO          612    i.MX_TIM3_Init      tim.o
    0x0800c64c   0x0800c64c   0x00000074   Code   RO          664    i.MX_UART5_Init     usart.o
    0x0800c6c0   0x0800c6c0   0x00000004   Code   RO          714    i.MemManage_Handler  stm32h7xx_it.o
    0x0800c6c4   0x0800c6c4   0x00000004   Code   RO          715    i.NMI_Handler       stm32h7xx_it.o
    0x0800c6c8   0x0800c6c8   0x00000008   Code   RO          331    i.OBSERVE_Task      freertos.o
    0x0800c6d0   0x0800c6d0   0x000001a8   Code   RO         8670    i.Observe_task      observe_task.o
    0x0800c878   0x0800c878   0x000001f0   Code   RO         7188    i.PID_Calc          pid.o
    0x0800ca68   0x0800ca68   0x00000060   Code   RO         7190    i.PID_init          pid.o
    0x0800cac8   0x0800cac8   0x00000054   Code   RO         8612    i.Pensation_init    chassisr_task.o
    0x0800cb1c   0x0800cb1c   0x0000004c   Code   RO           15    i.PeriphCommonClock_Config  main.o
    0x0800cb68   0x0800cb68   0x00000164   Code   RO         1559    i.RCCEx_PLL2_Config  stm32h7xx_hal_rcc_ex.o
    0x0800cccc   0x0800cccc   0x00000164   Code   RO         1560    i.RCCEx_PLL3_Config  stm32h7xx_hal_rcc_ex.o
    0x0800ce30   0x0800ce30   0x00000008   Code   RO          332    i.Remote_Task       freertos.o
    0x0800ce38   0x0800ce38   0x00000464   Code   RO         8843    i.Remote_task       remote_task.o
    0x0800d29c   0x0800d29c   0x0000012e   Code   RO         6761    i.RotationMatrix_update  mahony_filter.o
    0x0800d3ca   0x0800d3ca   0x00000002   PAD
    0x0800d3cc   0x0800d3cc   0x00000010   Code   RO          716    i.SPI2_IRQHandler   stm32h7xx_it.o
    0x0800d3dc   0x0800d3dc   0x000000d6   Code   RO         4587    i.SPI_CloseTransfer  stm32h7xx_hal_spi.o
    0x0800d4b2   0x0800d4b2   0x0000001c   Code   RO         4588    i.SPI_DMAAbortOnError  stm32h7xx_hal_spi.o
    0x0800d4ce   0x0800d4ce   0x0000001a   Code   RO         4598    i.SPI_GetPacketSize  stm32h7xx_hal_spi.o
    0x0800d4e8   0x0800d4e8   0x00000042   Code   RO         4605    i.SPI_WaitOnFlagUntilTimeout  stm32h7xx_hal_spi.o
    0x0800d52a   0x0800d52a   0x0000000c   Code   RO          333    i.StartDefaultTask  freertos.o
    0x0800d536   0x0800d536   0x00000002   PAD
    0x0800d538   0x0800d538   0x00000034   Code   RO         8418    i.SysTick_Handler   port.o
    0x0800d56c   0x0800d56c   0x000000b4   Code   RO           16    i.SystemClock_Config  main.o
    0x0800d620   0x0800d620   0x000000e0   Code   RO         6469    i.SystemInit        system_stm32h7xx.o
    0x0800d700   0x0800d700   0x00000010   Code   RO          717    i.TIM2_IRQHandler   stm32h7xx_it.o
    0x0800d710   0x0800d710   0x000000e0   Code   RO         4985    i.TIM_Base_SetConfig  stm32h7xx_hal_tim.o
    0x0800d7f0   0x0800d7f0   0x00000022   Code   RO         4986    i.TIM_CCxChannelCmd  stm32h7xx_hal_tim.o
    0x0800d812   0x0800d812   0x00000002   PAD
    0x0800d814   0x0800d814   0x000000ac   Code   RO         4998    i.TIM_OC1_SetConfig  stm32h7xx_hal_tim.o
    0x0800d8c0   0x0800d8c0   0x000000b4   Code   RO         4999    i.TIM_OC2_SetConfig  stm32h7xx_hal_tim.o
    0x0800d974   0x0800d974   0x000000b4   Code   RO         5000    i.TIM_OC3_SetConfig  stm32h7xx_hal_tim.o
    0x0800da28   0x0800da28   0x00000074   Code   RO         5001    i.TIM_OC4_SetConfig  stm32h7xx_hal_tim.o
    0x0800da9c   0x0800da9c   0x00000070   Code   RO         5002    i.TIM_OC5_SetConfig  stm32h7xx_hal_tim.o
    0x0800db0c   0x0800db0c   0x00000070   Code   RO         5003    i.TIM_OC6_SetConfig  stm32h7xx_hal_tim.o
    0x0800db7c   0x0800db7c   0x0000001c   Code   RO          718    i.UART5_IRQHandler  stm32h7xx_it.o
    0x0800db98   0x0800db98   0x00000058   Code   RO         6359    i.UARTEx_SetNbDataToProcess  stm32h7xx_hal_uart_ex.o
    0x0800dbf0   0x0800dbf0   0x000000f8   Code   RO         5963    i.UART_AdvFeatureConfig  stm32h7xx_hal_uart.o
    0x0800dce8   0x0800dce8   0x000000ea   Code   RO         5964    i.UART_CheckIdleState  stm32h7xx_hal_uart.o
    0x0800ddd2   0x0800ddd2   0x00000018   Code   RO         5965    i.UART_DMAAbortOnError  stm32h7xx_hal_uart.o
    0x0800ddea   0x0800ddea   0x0000005e   Code   RO         5966    i.UART_DMAError     stm32h7xx_hal_uart.o
    0x0800de48   0x0800de48   0x000000ae   Code   RO         5967    i.UART_DMAReceiveCplt  stm32h7xx_hal_uart.o
    0x0800def6   0x0800def6   0x00000026   Code   RO         5969    i.UART_DMARxHalfCplt  stm32h7xx_hal_uart.o
    0x0800df1c   0x0800df1c   0x0000006c   Code   RO         5975    i.UART_EndRxTransfer  stm32h7xx_hal_uart.o
    0x0800df88   0x0800df88   0x00000030   Code   RO         5976    i.UART_EndTransmit_IT  stm32h7xx_hal_uart.o
    0x0800dfb8   0x0800dfb8   0x00000040   Code   RO         5977    i.UART_EndTxTransfer  stm32h7xx_hal_uart.o
    0x0800dff8   0x0800dff8   0x00000628   Code   RO         5982    i.UART_SetConfig    stm32h7xx_hal_uart.o
    0x0800e620   0x0800e620   0x000000c8   Code   RO         5983    i.UART_Start_Receive_DMA  stm32h7xx_hal_uart.o
    0x0800e6e8   0x0800e6e8   0x000000a2   Code   RO         5989    i.UART_WaitOnFlagUntilTimeout  stm32h7xx_hal_uart.o
    0x0800e78a   0x0800e78a   0x00000004   Code   RO          719    i.UsageFault_Handler  stm32h7xx_it.o
    0x0800e78e   0x0800e78e   0x00000002   PAD
    0x0800e790   0x0800e790   0x0000039c   Code   RO         6902    i.VMC_calc_1_left   vmc_calc.o
    0x0800eb2c   0x0800eb2c   0x0000038c   Code   RO         6903    i.VMC_calc_1_right  vmc_calc.o
    0x0800eeb8   0x0800eeb8   0x00000196   Code   RO         6904    i.VMC_calc_2        vmc_calc.o
    0x0800f04e   0x0800f04e   0x00000002   PAD
    0x0800f050   0x0800f050   0x00000038   Code   RO         6905    i.VMC_init          vmc_calc.o
    0x0800f088   0x0800f088   0x00000008   Code   RO          334    i.Watch_Task        freertos.o
    0x0800f090   0x0800f090   0x00000070   Code   RO         8878    i.Watch_task        watch_task.o
    0x0800f100   0x0800f100   0x00000026   Code   RO         9523    i.__ARM_fpclassifyf  m_wv.l(fpclassifyf.o)
    0x0800f126   0x0800f126   0x00000002   PAD
    0x0800f128   0x0800f128   0x00000010   Code   RO         2865    i.__NVIC_GetPriorityGrouping  stm32h7xx_hal_cortex.o
    0x0800f138   0x0800f138   0x00000028   Code   RO         2866    i.__NVIC_SetPriority  stm32h7xx_hal_cortex.o
    0x0800f160   0x0800f160   0x00000138   Code   RO         9434    i.__hardfp_asinf    m_wv.l(asinf.o)
    0x0800f298   0x0800f298   0x00000258   Code   RO         9446    i.__hardfp_atan2f   m_wv.l(atan2f.o)
    0x0800f4f0   0x0800f4f0   0x00000066   Code   RO         9458    i.__hardfp_sqrt     m_wv.l(sqrt.o)
    0x0800f556   0x0800f556   0x0000003a   Code   RO         9470    i.__hardfp_sqrtf    m_wv.l(sqrtf.o)
    0x0800f590   0x0800f590   0x00000006   Code   RO         9526    i.__mathlib_flt_infnan  m_wv.l(funder.o)
    0x0800f596   0x0800f596   0x00000006   Code   RO         9527    i.__mathlib_flt_infnan2  m_wv.l(funder.o)
    0x0800f59c   0x0800f59c   0x00000010   Code   RO         9528    i.__mathlib_flt_invalid  m_wv.l(funder.o)
    0x0800f5ac   0x0800f5ac   0x00000010   Code   RO         9531    i.__mathlib_flt_underflow  m_wv.l(funder.o)
    0x0800f5bc   0x0800f5bc   0x0000000e   Code   RO         9571    i.__scatterload_copy  mc_w.l(handlers.o)
    0x0800f5ca   0x0800f5ca   0x00000002   Code   RO         9572    i.__scatterload_null  mc_w.l(handlers.o)
    0x0800f5cc   0x0800f5cc   0x0000000e   Code   RO         9573    i.__scatterload_zeroinit  mc_w.l(handlers.o)
    0x0800f5da   0x0800f5da   0x00000002   PAD
    0x0800f5dc   0x0800f5dc   0x0000000c   Code   RO         9561    i.__set_errno       mc_w.l(errno.o)
    0x0800f5e8   0x0800f5e8   0x0000016c   Code   RO         6512    i.bmi088_accel_init  bmi088driver.o
    0x0800f754   0x0800f754   0x00000130   Code   RO         6513    i.bmi088_gyro_init  bmi088driver.o
    0x0800f884   0x0800f884   0x0000007e   Code   RO         8990    i.canx_send_data    can_bsp.o
    0x0800f902   0x0800f902   0x00000002   PAD
    0x0800f904   0x0800f904   0x00000580   Code   RO         8558    i.chassisL_control_loop  chassisl_task.o
    0x0800fe84   0x0800fe84   0x0000004c   Code   RO         8559    i.chassisL_feedback_update  chassisl_task.o
    0x0800fed0   0x0800fed0   0x00000628   Code   RO         8613    i.chassisR_control_loop  chassisr_task.o
    0x080104f8   0x080104f8   0x0000009c   Code   RO         8614    i.chassisR_feedback_update  chassisr_task.o
    0x08010594   0x08010594   0x0000009a   Code   RO         6653    i.dm4310_fbdata     dm4310_drv.o
    0x0801062e   0x0801062e   0x00000002   PAD
    0x08010630   0x08010630   0x000000a4   Code   RO         6654    i.dm6215_fbdata     dm4310_drv.o
    0x080106d4   0x080106d4   0x00000042   Code   RO         6655    i.enable_motor_mode  dm4310_drv.o
    0x08010716   0x08010716   0x0000000a   Code   RO         6514    i.fabsf             bmi088driver.o
    0x08010720   0x08010720   0x00000032   Code   RO         6656    i.float_to_uint     dm4310_drv.o
    0x08010752   0x08010752   0x00000002   PAD
    0x08010754   0x08010754   0x00000144   Code   RO         6906    i.ground_detectionL  vmc_calc.o
    0x08010898   0x08010898   0x00000144   Code   RO         6907    i.ground_detectionR  vmc_calc.o
    0x080109dc   0x080109dc   0x00000006   Code   RO         6657    i.joint_motor_init  dm4310_drv.o
    0x080109e2   0x080109e2   0x00000002   PAD
    0x080109e4   0x080109e4   0x00000038   Code   RO         6762    i.mahony_init       mahony_filter.o
    0x08010a1c   0x08010a1c   0x0000001e   Code   RO         6763    i.mahony_input      mahony_filter.o
    0x08010a3a   0x08010a3a   0x0000004a   Code   RO         6764    i.mahony_output     mahony_filter.o
    0x08010a84   0x08010a84   0x00000286   Code   RO         6765    i.mahony_update     mahony_filter.o
    0x08010d0a   0x08010d0a   0x00000002   PAD
    0x08010d0c   0x08010d0c   0x00000098   Code   RO           17    i.main              main.o
    0x08010da4   0x08010da4   0x0000000e   Code   RO         7983    i.makeFreeRtosPriority  cmsis_os.o
    0x08010db2   0x08010db2   0x00000002   PAD
    0x08010db4   0x08010db4   0x0000006c   Code   RO         9496    i.malloc            mc_w.l(malloc.o)
    0x08010e20   0x08010e20   0x000000f0   Code   RO         6658    i.mit_ctrl          dm4310_drv.o
    0x08010f10   0x08010f10   0x000000f8   Code   RO         6659    i.mit_ctrl2         dm4310_drv.o
    0x08011008   0x08011008   0x00000028   Code   RO         8615    i.mySaturate        chassisr_task.o
    0x08011030   0x08011030   0x00000018   Code   RO         7985    i.osDelay           cmsis_os.o
    0x08011048   0x08011048   0x0000000a   Code   RO         7988    i.osKernelStart     cmsis_os.o
    0x08011052   0x08011052   0x00000030   Code   RO         8022    i.osThreadCreate    cmsis_os.o
    0x08011082   0x08011082   0x00000002   PAD
    0x08011084   0x08011084   0x00000098   Code   RO         7660    i.prvAddCurrentTaskToDelayedList  tasks.o
    0x0801111c   0x0801111c   0x000000b4   Code   RO         7661    i.prvAddNewTaskToReadyList  tasks.o
    0x080111d0   0x080111d0   0x00000048   Code   RO         7662    i.prvCheckTasksWaitingTermination  tasks.o
    0x08011218   0x08011218   0x00000012   Code   RO         7663    i.prvDeleteTCB      tasks.o
    0x0801122a   0x0801122a   0x00000002   PAD
    0x0801122c   0x0801122c   0x0000007c   Code   RO         8350    i.prvHeapInit       heap_4.o
    0x080112a8   0x080112a8   0x00000028   Code   RO         7664    i.prvIdleTask       tasks.o
    0x080112d0   0x080112d0   0x000000b4   Code   RO         7665    i.prvInitialiseNewTask  tasks.o
    0x08011384   0x08011384   0x00000068   Code   RO         7666    i.prvInitialiseTaskLists  tasks.o
    0x080113ec   0x080113ec   0x00000068   Code   RO         8351    i.prvInsertBlockIntoFreeList  heap_4.o
    0x08011454   0x08011454   0x00000034   Code   RO         7667    i.prvResetNextTaskUnblockTime  tasks.o
    0x08011488   0x08011488   0x00000040   Code   RO         8419    i.prvTaskExitError  port.o
    0x080114c8   0x080114c8   0x0000014c   Code   RO         8352    i.pvPortMalloc      heap_4.o
    0x08011614   0x08011614   0x0000002c   Code   RO         8420    i.pxPortInitialiseStack  port.o
    0x08011640   0x08011640   0x00000114   Code   RO         9070    i.rc_callback_handler  uart_bsp.o
    0x08011754   0x08011754   0x0000003e   Code   RO         9472    i.sqrtf             m_wv.l(sqrtf.o)
    0x08011792   0x08011792   0x00000034   Code   RO         6663    i.uint_to_float     dm4310_drv.o
    0x080117c6   0x080117c6   0x00000028   Code   RO         7313    i.uxListRemove      list.o
    0x080117ee   0x080117ee   0x0000001a   Code   RO         7314    i.vListInitialise   list.o
    0x08011808   0x08011808   0x00000006   Code   RO         7315    i.vListInitialiseItem  list.o
    0x0801180e   0x0801180e   0x00000034   Code   RO         7316    i.vListInsert       list.o
    0x08011842   0x08011842   0x00000018   Code   RO         7317    i.vListInsertEnd    list.o
    0x0801185a   0x0801185a   0x00000002   PAD
    0x0801185c   0x0801185c   0x00000054   Code   RO         8422    i.vPortEnterCritical  port.o
    0x080118b0   0x080118b0   0x0000003c   Code   RO         8423    i.vPortExitCritical  port.o
    0x080118ec   0x080118ec   0x000000a4   Code   RO         8353    i.vPortFree         heap_4.o
    0x08011990   0x08011990   0x00000028   Code   RO         8424    i.vPortSetupTimerInterrupt  port.o
    0x080119b8   0x080119b8   0x0000005c   Code   RO         7676    i.vTaskDelay        tasks.o
    0x08011a14   0x08011a14   0x00000088   Code   RO         7689    i.vTaskStartScheduler  tasks.o
    0x08011a9c   0x08011a9c   0x00000010   Code   RO         7691    i.vTaskSuspendAll   tasks.o
    0x08011aac   0x08011aac   0x0000008c   Code   RO         7692    i.vTaskSwitchContext  tasks.o
    0x08011b38   0x08011b38   0x00000006   Code   RO         6664    i.wheel_motor_init  dm4310_drv.o
    0x08011b3e   0x08011b3e   0x00000002   PAD
    0x08011b40   0x08011b40   0x00000168   Code   RO         8426    i.xPortStartScheduler  port.o
    0x08011ca8   0x08011ca8   0x00000060   Code   RO         7695    i.xTaskCreate       tasks.o
    0x08011d08   0x08011d08   0x00000148   Code   RO         7702    i.xTaskIncrementTick  tasks.o
    0x08011e50   0x08011e50   0x00000104   Code   RO         7708    i.xTaskResumeAll    tasks.o
    0x08011f54   0x08011f54   0x00000074   Code   RO         8672    i.xvEstimateKF_Init  observe_task.o
    0x08011fc8   0x08011fc8   0x00000070   Code   RO         8673    i.xvEstimateKF_Update  observe_task.o
    0x08012038   0x08012038   0x0000008c   Data   RO          335    .constdata          freertos.o
    0x080120c4   0x080120c4   0x00000008   Data   RO         2168    .constdata          stm32h7xx_hal_dma.o
    0x080120cc   0x080120cc   0x0000005c   Data   RO         4038    .constdata          stm32h7xx_hal_fdcan.o
    0x08012128   0x08012128   0x00000018   Data   RO         5990    .constdata          stm32h7xx_hal_uart.o
    0x08012140   0x08012140   0x00000010   Data   RO         6361    .constdata          stm32h7xx_hal_uart_ex.o
    0x08012150   0x08012150   0x00000010   Data   RO         6470    .constdata          system_stm32h7xx.o
    0x08012160   0x08012160   0x0000000c   Data   RO         8561    .constdata          chassisl_task.o
    0x0801216c   0x0801216c   0x00000030   Data   RO         8617    .constdata          chassisr_task.o
    0x0801219c   0x0801219c   0x00000010   Data   RO         8675    .constdata          observe_task.o
    0x080121ac   0x080121ac   0x00000060   Data   RO          336    .conststring        freertos.o
    0x0801220c   0x0801220c   0x00000804   Data   RO         9414    .rodata.sinTable_f32  arm_cortexM7lfdp_math.lib(arm_common_tables.o)
    0x08012a10   0x08012a10   0x00000020   Data   RO         9569    Region$$Table       anon$$obj.o


    Execution Region RW_IRAM1 (Exec base: 0x20000000, Load base: 0x08012a30, Size: 0x00000000, Max: 0x00020000, ABSOLUTE)

    **** No section assigned to this execution region ****


    Execution Region RW_IRAM2 (Exec base: 0x24000000, Load base: 0x08012a30, Size: 0x000094f8, Max: 0x00050000, ABSOLUTE, COMPRESSED[0x0000016c])

    Exec Addr    Load Addr    Size         Type   Attr      Idx    E Section Name        Object

    0x24000000   COMPRESSED   0x00000004   Data   RW           18    .data               main.o
    0x24000004   COMPRESSED   0x0000001c   Data   RW          337    .data               freertos.o
    0x24000020   COMPRESSED   0x00000004   Data   RW          517    .data               fdcan.o
    0x24000024   COMPRESSED   0x00000009   Data   RW         3046    .data               stm32h7xx_hal.o
    0x2400002d   COMPRESSED   0x00000003   PAD
    0x24000030   COMPRESSED   0x00000008   Data   RW         6471    .data               system_stm32h7xx.o
    0x24000038   COMPRESSED   0x0000004a   Data   RW         6516    .data               bmi088driver.o
    0x24000082   COMPRESSED   0x00000002   PAD
    0x24000084   COMPRESSED   0x00000004   Data   RW         6601    .data               bmi088middleware.o
    0x24000088   COMPRESSED   0x00000018   Data   RW         6909    .data               vmc_calc.o
    0x240000a0   COMPRESSED   0x00000004   Data   RW         6981    .data               kalman_filter.o
    0x240000a4   COMPRESSED   0x0000003c   Data   RW         7711    .data               tasks.o
    0x240000e0   COMPRESSED   0x00000020   Data   RW         8359    .data               heap_4.o
    0x24000100   COMPRESSED   0x0000000c   Data   RW         8427    .data               port.o
    0x2400010c   COMPRESSED   0x0000001c   Data   RW         8502    .data               ins_task.o
    0x24000128   COMPRESSED   0x00000039   Data   RW         8562    .data               chassisl_task.o
    0x24000161   COMPRESSED   0x00000003   PAD
    0x24000164   COMPRESSED   0x00000104   Data   RW         8618    .data               chassisr_task.o
    0x24000268   COMPRESSED   0x00000060   Data   RW         8676    .data               observe_task.o
    0x240002c8   COMPRESSED   0x00000010   Data   RW         8844    .data               remote_task.o
    0x240002d8   COMPRESSED   0x0000000c   Data   RW         8879    .data               watch_task.o
    0x240002e4   COMPRESSED   0x00000004   PAD
    0x240002e8   COMPRESSED   0x00000040   Data   RW         8918    .data               bsp_dwt.o
    0x24000328   COMPRESSED   0x00000004   Data   RW         9557    .data               mc_w.l(mvars.o)
    0x2400032c   COMPRESSED   0x00000004   Data   RW         9558    .data               mc_w.l(mvars.o)
    0x24000330   COMPRESSED   0x00000004   Data   RW         9562    .data               mc_w.l(errno.o)
    0x24000334        -       0x000000e8   Zero   RW          448    .bss                adc.o
    0x2400041c        -       0x000001e0   Zero   RW          516    .bss                fdcan.o
    0x240005fc        -       0x00000178   Zero   RW          569    .bss                spi.o
    0x24000774        -       0x00000098   Zero   RW          613    .bss                tim.o
    0x2400080c        -       0x0000010c   Zero   RW          665    .bss                usart.o
    0x24000918        -       0x0000004c   Zero   RW          849    .bss                stm32h7xx_hal_timebase_tim.o
    0x24000964        -       0x0000004c   Zero   RW         6515    .bss                bmi088driver.o
    0x240009b0        -       0x00000020   Zero   RW         6908    .bss                vmc_calc.o
    0x240009d0        -       0x000000f0   Zero   RW         7710    .bss                tasks.o
    0x24000ac0        -       0x00007800   Zero   RW         8358    .bss                heap_4.o
    0x240082c0        -       0x00000130   Zero   RW         8501    .bss                ins_task.o
    0x240083f0        -       0x000000f8   Zero   RW         8560    .bss                chassisl_task.o
    0x240084e8        -       0x00000390   Zero   RW         8616    .bss                chassisr_task.o
    0x24008878        -       0x00000150   Zero   RW         8674    .bss                observe_task.o
    0x240089c8        -       0x000000d0   Zero   RW         8991    .bss                can_bsp.o
    0x24008a98        -       0x00000060   Zero   RW         9072    .bss                uart_bsp.o
    0x24008af8        -       0x00000200   Zero   RW            2    HEAP                startup_stm32h723xx.o
    0x24008cf8        -       0x00000800   Zero   RW            1    STACK               startup_stm32h723xx.o


==============================================================================

Image component sizes


      Code (inc. data)   RO Data    RW Data    ZI Data      Debug   Object Name

       436         42          0          0        232       2559   adc.o
      3420        210          0         74         76      17072   bmi088driver.o
       116         30          0          4          0       4236   bmi088middleware.o
       580        112          0         64          0       5654   bsp_dwt.o
       566         40          0          0        208       5160   can_bsp.o
      2016        130         12         57        248       6800   chassisl_task.o
      2396        198         48        260        912       7073   chassisr_task.o
        96          0          0          0          0      13743   cmsis_os.o
       986         34          0          0          0       9981   dm4310_drv.o
       100          4          0          0          0       1138   dma.o
         0          0          0          0          0       5420   event_groups.o
       820         54          0          4        480       4105   fdcan.o
       268         34        236         28          0      15772   freertos.o
       372         16          0          0          0       1483   gpio.o
       724         74          0         32      30720       8351   heap_4.o
      1604         92          0         28        304       5618   ins_task.o
      3164         28          0          4          0      10627   kalman_filter.o
       148          0          0          0          0       4390   list.o
      1108         16          0          0          0       6737   mahony_filter.o
       432         20          0          4          0    1304329   main.o
       652         88         16         96        336       3913   observe_task.o
       592          8          0          0          0       3010   pid.o
       894         78          0         12          0      12516   port.o
         0          0          0          0          0       2225   quaternionekf.o
      1124        140          0         16          0       1592   remote_task.o
       476         38          0          0        376       2587   spi.o
        36          8        716          0       2560        940   startup_stm32h723xx.o
       172         34          0          9          0      23802   stm32h7xx_hal.o
      4208        234          0          0          0      88652   stm32h7xx_hal_adc.o
       560         30          0          0          0      69309   stm32h7xx_hal_adc_ex.o
       258         22          0          0          0      39978   stm32h7xx_hal_cortex.o
      8650        164          8          0          0      14710   stm32h7xx_hal_dma.o
      3586         52         92          0          0      25812   stm32h7xx_hal_fdcan.o
       508         50          0          0          0       2576   stm32h7xx_hal_gpio.o
        48          6          0          0          0       1174   stm32h7xx_hal_msp.o
        96          6          0          0          0        889   stm32h7xx_hal_pwr_ex.o
      3496        120          0          0          0       8533   stm32h7xx_hal_rcc.o
      7664        184          0          0          0      11727   stm32h7xx_hal_rcc_ex.o
      2206         18          0          0          0      11685   stm32h7xx_hal_spi.o
      2980        304          0          0          0      17652   stm32h7xx_hal_tim.o
       234         38          0          0          0       3888   stm32h7xx_hal_tim_ex.o
       160         18          0          0         76       2003   stm32h7xx_hal_timebase_tim.o
      4268        168         24          0          0      36755   stm32h7xx_hal_uart.o
       458         10         16          0          0       7517   stm32h7xx_hal_uart_ex.o
       194         62          0          0          0       9712   stm32h7xx_it.o
       224         32         16          8          0       1754   system_stm32h7xx.o
      1866        268          0         60        240      20881   tasks.o
       504         46          0          0        152       3918   tim.o
       396         30          0          0         96       4401   uart_bsp.o
       412         40          0          0        268       2514   usart.o
         0          0          0          0          0       1092   user_lib.o
      2992         70          0         24         32       7974   vmc_calc.o
       112         20          0         12          0       1057   watch_task.o

    ----------------------------------------------------------------------
     69446       3520       1216        808      37316    1886996   Object Totals
         0          0         32          0          0          0   (incl. Generated)
        68          0          0         12          0          0   (incl. Padding)

    ----------------------------------------------------------------------

      Code (inc. data)   RO Data    RW Data    ZI Data      Debug   Library Member Name

         0          0       2052          0          0       4961   arm_common_tables.o
       144         12          0          0          0       1111   arm_cos_f32.o
       190          0          0          0          0       1836   arm_mat_add_f32.o
         8          0          0          0          0        841   arm_mat_init_f32.o
       716          4          0          0          0       3547   arm_mat_inverse_f32.o
       304          4          0          0          0       2362   arm_mat_mult_f32.o
       190          0          0          0          0       1834   arm_mat_sub_f32.o
       180          0          0          0          0       1862   arm_mat_trans_f32.o
       140         12          0          0          0       1098   arm_sin_f32.o
       312         54          0          0          0        176   asinf.o
       600         98          0          0          0        184   atan2f.o
        38          0          0          0          0        116   fpclassifyf.o
        44         12          0          0          0        464   funder.o
       102          0          0          0          0        140   sqrt.o
       120          0          0          0          0        272   sqrtf.o
        86          0          0          0          0          0   __dczerorl2.o
         0          0          0          0          0          0   entry.o
         0          0          0          0          0          0   entry10a.o
         0          0          0          0          0          0   entry11a.o
         8          4          0          0          0          0   entry2.o
         4          0          0          0          0          0   entry5.o
         0          0          0          0          0          0   entry7b.o
         0          0          0          0          0          0   entry8b.o
         8          4          0          0          0          0   entry9a.o
        12          6          0          4          0         68   errno.o
        30          0          0          0          0          0   handlers.o
        36          8          0          0          0         68   init.o
         0          0          0          0          0          0   iusefp.o
        30          0          0          0          0         68   llshl.o
        32          0          0          0          0         68   llushr.o
       108         16          0          0          0         84   malloc.o
        36          0          0          0          0         68   memcpya.o
        36          0          0          0          0        108   memseta.o
         0          0          0          8          0          0   mvars.o
        98          0          0          0          0         92   uldiv.o

    ----------------------------------------------------------------------
      3622        234       2052         12          0      21428   Library Totals
        10          0          0          0          0          0   (incl. Padding)

    ----------------------------------------------------------------------

      Code (inc. data)   RO Data    RW Data    ZI Data      Debug   Library Name

      1872         32       2052          0          0      19452   arm_cortexM7lfdp_math.lib
      1216        164          0          0          0       1352   m_wv.l
       524         38          0         12          0        624   mc_w.l

    ----------------------------------------------------------------------
      3622        234       2052         12          0      21428   Library Totals

    ----------------------------------------------------------------------

==============================================================================


      Code (inc. data)   RO Data    RW Data    ZI Data      Debug   

     73068       3754       3268        820      37316    1877588   Grand Totals
     73068       3754       3268        364      37316    1877588   ELF Image Totals (compressed)
     73068       3754       3268        364          0          0   ROM Totals

==============================================================================

    Total RO  Size (Code + RO Data)                76336 (  74.55kB)
    Total RW  Size (RW Data + ZI Data)             38136 (  37.24kB)
    Total ROM Size (Code + RO Data + RW Data)      76700 (  74.90kB)

==============================================================================

